Component: ARM Compiler 5.05 update 1 (build 106) Tool: armlink [4d0efa]

==============================================================================

Section Cross References

    controller.o(i.Controller_Config) refers to stm32f10x_rcc.o(i.RCC_APB2PeriphClockCmd) for RCC_APB2PeriphClockCmd
    controller.o(i.Controller_Config) refers to stm32f10x_gpio.o(i.GPIO_Init) for GPIO_Init
    controller.o(i.Controller_Config) refers to controller.o(i.controlModeConfirm_Config) for controlModeConfirm_Config
    controller.o(i.Controller_Config) refers to controller.o(i.shortPoll) for shortPoll
    controller.o(i.Controller_Config) refers to controller.o(i.enterSettings) for enterSettings
    controller.o(i.Controller_Config) refers to controller.o(i.turnOnModeChange) for turnOnModeChange
    controller.o(i.Controller_Config) refers to controller.o(i.turnOnVibrationMode) for turnOnVibrationMode
    controller.o(i.Controller_Config) refers to controller.o(i.saveChangesAndExit) for saveChangesAndExit
    controller.o(i.Controller_Config) refers to controller.o(i.clrPS2Buff) for clrPS2Buff
    controller.o(i.PS2_Vibration) refers to stm32f10x_gpio.o(i.GPIO_ResetBits) for GPIO_ResetBits
    controller.o(i.PS2_Vibration) refers to delay.o(i.delay_us) for delay_us
    controller.o(i.PS2_Vibration) refers to controller.o(i.sendCmd2PS2) for sendCmd2PS2
    controller.o(i.PS2_Vibration) refers to stm32f10x_gpio.o(i.GPIO_SetBits) for GPIO_SetBits
    controller.o(i.clrPS2Buff) refers to controller.o(.bss) for PS2_Data
    controller.o(i.controlModeConfirm_Config) refers to stm32f10x_rcc.o(i.RCC_APB2PeriphClockCmd) for RCC_APB2PeriphClockCmd
    controller.o(i.controlModeConfirm_Config) refers to stm32f10x_gpio.o(i.GPIO_Init) for GPIO_Init
    controller.o(i.enterSettings) refers to stm32f10x_gpio.o(i.GPIO_ResetBits) for GPIO_ResetBits
    controller.o(i.enterSettings) refers to delay.o(i.delay_us) for delay_us
    controller.o(i.enterSettings) refers to controller.o(i.sendCmd2PS2) for sendCmd2PS2
    controller.o(i.enterSettings) refers to stm32f10x_gpio.o(i.GPIO_SetBits) for GPIO_SetBits
    controller.o(i.getButtonData) refers to controller.o(i.clrPS2Buff) for clrPS2Buff
    controller.o(i.getButtonData) refers to controller.o(i.sendCmd2MCU) for sendCmd2MCU
    controller.o(i.getButtonData) refers to controller.o(.bss) for PS2_Data
    controller.o(i.getButtonData) refers to controller.o(.data) for buttonValue
    controller.o(i.getPart3Direction) refers to controller.o(i.getButtonData) for getButtonData
    controller.o(i.getPart3Direction) refers to controller.o(.data) for part3Dir
    controller.o(i.getStickData) refers to controller.o(i.getButtonData) for getButtonData
    controller.o(i.getStickData) refers to controller.o(.bss) for PS2_Data
    controller.o(i.isAutoControl) refers to controller.o(i.getButtonData) for getButtonData
    controller.o(i.isAutoControl) refers to stm32f10x_gpio.o(i.GPIO_SetBits) for GPIO_SetBits
    controller.o(i.isAutoControl) refers to stm32f10x_gpio.o(i.GPIO_ResetBits) for GPIO_ResetBits
    controller.o(i.isAutoControl) refers to controller.o(.data) for cnt
    controller.o(i.isStickMode) refers to stm32f10x_gpio.o(i.GPIO_ResetBits) for GPIO_ResetBits
    controller.o(i.isStickMode) refers to controller.o(i.sendCmd2PS2) for sendCmd2PS2
    controller.o(i.isStickMode) refers to stm32f10x_gpio.o(i.GPIO_SetBits) for GPIO_SetBits
    controller.o(i.isStickMode) refers to controller.o(.data) for PS2_Cmd
    controller.o(i.isStickMode) refers to controller.o(.bss) for PS2_Data
    controller.o(i.saveChangesAndExit) refers to stm32f10x_gpio.o(i.GPIO_ResetBits) for GPIO_ResetBits
    controller.o(i.saveChangesAndExit) refers to delay.o(i.delay_us) for delay_us
    controller.o(i.saveChangesAndExit) refers to controller.o(i.sendCmd2PS2) for sendCmd2PS2
    controller.o(i.saveChangesAndExit) refers to stm32f10x_gpio.o(i.GPIO_SetBits) for GPIO_SetBits
    controller.o(i.sendCmd2MCU) refers to stm32f10x_gpio.o(i.GPIO_ResetBits) for GPIO_ResetBits
    controller.o(i.sendCmd2MCU) refers to controller.o(i.sendCmd2PS2) for sendCmd2PS2
    controller.o(i.sendCmd2MCU) refers to stm32f10x_gpio.o(i.GPIO_SetBits) for GPIO_SetBits
    controller.o(i.sendCmd2MCU) refers to delay.o(i.delay_us) for delay_us
    controller.o(i.sendCmd2MCU) refers to stm32f10x_gpio.o(i.GPIO_ReadInputDataBit) for GPIO_ReadInputDataBit
    controller.o(i.sendCmd2MCU) refers to controller.o(.data) for PS2_Cmd
    controller.o(i.sendCmd2MCU) refers to controller.o(.bss) for PS2_Data
    controller.o(i.sendCmd2PS2) refers to stm32f10x_gpio.o(i.GPIO_SetBits) for GPIO_SetBits
    controller.o(i.sendCmd2PS2) refers to stm32f10x_gpio.o(i.GPIO_ResetBits) for GPIO_ResetBits
    controller.o(i.sendCmd2PS2) refers to delay.o(i.delay_us) for delay_us
    controller.o(i.sendCmd2PS2) refers to stm32f10x_gpio.o(i.GPIO_ReadInputDataBit) for GPIO_ReadInputDataBit
    controller.o(i.sendCmd2PS2) refers to controller.o(.bss) for PS2_Data
[...]
    i.USART_ClearFlag                        0x08002fb8   Section        0  stm32f10x_usart.o(i.USART_ClearFlag)
    i.USART_Cmd                              0x08002fca   Section        0  stm32f10x_usart.o(i.USART_Cmd)
    i.USART_GetFlagStatus                    0x08002fe2   Section        0  stm32f10x_usart.o(i.USART_GetFlagStatus)
    i.USART_GetITStatus                      0x08002ffc   Section        0  stm32f10x_usart.o(i.USART_GetITStatus)
    i.USART_ITConfig                         0x08003050   Section        0  stm32f10x_usart.o(i.USART_ITConfig)
    i.USART_Init                             0x0800309c   Section        0  stm32f10x_usart.o(i.USART_Init)
    i.USART_ReceiveData                      0x08003174   Section        0  stm32f10x_usart.o(i.USART_ReceiveData)
    i.USART_SendData                         0x0800317e   Section        0  stm32f10x_usart.o(i.USART_SendData)
    i.Ultrasonic_Init                        0x08003188   Section        0  ultrasonic.o(i.Ultrasonic_Init)
    i.UsageFault_Handler                     0x08003228   Section        0  stm32f10x_it.o(i.UsageFault_Handler)
    i.WIFI_Check                             0x0800322c   Section        0  wificontrol.o(i.WIFI_Check)
    i.WIFI_ConnectToServer                   0x080032d0   Section        0  wificontrol.o(i.WIFI_ConnectToServer)
    i.__0printf$8                            0x080033c8   Section        0  printf8.o(i.__0printf$8)
    i.__ARM_fpclassify                       0x080033e8   Section        0  fpclassify.o(i.__ARM_fpclassify)
    i.__kernel_poly                          0x08003410   Section        0  poly.o(i.__kernel_poly)
    i.__mathlib_dbl_infnan                   0x080034ba   Section        0  dunder.o(i.__mathlib_dbl_infnan)
    i.__mathlib_dbl_infnan2                  0x080034c0   Section        0  dunder.o(i.__mathlib_dbl_infnan2)
    i.__mathlib_dbl_underflow                0x080034c4   Section        0  dunder.o(i.__mathlib_dbl_underflow)
    i.__scatterload_copy                     0x080034d4   Section       14  handlers.o(i.__scatterload_copy)
    i.__scatterload_null                     0x080034e2   Section        2  handlers.o(i.__scatterload_null)
    i.__scatterload_zeroinit                 0x080034e4   Section       14  handlers.o(i.__scatterload_zeroinit)
    i._printf_core                           0x080034f4   Section        0  printf8.o(i._printf_core)
    _printf_core                             0x080034f5   Thumb Code   996  printf8.o(i._printf_core)
    i._printf_post_padding                   0x08003904   Section        0  printf8.o(i._printf_post_padding)
    _printf_post_padding                     0x08003905   Thumb Code    36  printf8.o(i._printf_post_padding)
    i._printf_pre_padding                    0x08003928   Section        0  printf8.o(i._printf_pre_padding)
    _printf_pre_padding                      0x08003929   Thumb Code    46  printf8.o(i._printf_pre_padding)
    i.accel_self_test                        0x08003958   Section        0  inv_mpu.o(i.accel_self_test)
    accel_self_test                          0x08003959   Thumb Code   164  inv_mpu.o(i.accel_self_test)
    i.armControl                             0x08003a00   Section        0  mechanical_arm.o(i.armControl)
    i.atan                                   0x08003a30   Section        0  atan.o(i.atan)
    i.atan2                                  0x08003c50   Section        0  atan2.o(i.atan2)
    i.carGo                                  0x08003dd0   Section        0  movement.o(i.carGo)
    i.clrPS2Buff                             0x08003e3c   Section        0  controller.o(i.clrPS2Buff)
    i.controlModeConfirm_Config              0x08003e54   Section        0  controller.o(i.controlModeConfirm_Config)
    i.decode_gesture                         0x08003e80   Section        0  inv_mpu_dmp_motion_driver.o(i.decode_gesture)
    decode_gesture                           0x08003e81   Thumb Code    94  inv_mpu_dmp_motion_driver.o(i.decode_gesture)
    i.delay_init                             0x08003ee4   Section        0  delay.o(i.delay_init)
    i.delay_ms                               0x08003f24   Section        0  delay.o(i.delay_ms)
    i.delay_us                               0x08003f60   Section        0  delay.o(i.delay_us)
    i.dmp_enable_6x_lp_quat                  0x08003f9c   Section        0  inv_mpu_dmp_motion_driver.o(i.dmp_enable_6x_lp_quat)
    i.dmp_enable_feature                     0x08003fd8   Section        0  inv_mpu_dmp_motion_driver.o(i.dmp_enable_feature)
    i.dmp_enable_gyro_cal                    0x080041f4   Section        0  inv_mpu_dmp_motion_driver.o(i.dmp_enable_gyro_cal)
    i.dmp_enable_lp_quat                     0x0800424c   Section        0  inv_mpu_dmp_motion_driver.o(i.dmp_enable_lp_quat)
    i.dmp_load_motion_driver_firmware        0x08004288   Section        0  inv_mpu_dmp_motion_driver.o(i.dmp_load_motion_driver_firmware)
    i.dmp_read_fifo                          0x080042a0   Section        0  inv_mpu_dmp_motion_driver.o(i.dmp_read_fifo)
    i.dmp_set_fifo_rate                      0x0800446c   Section        0  inv_mpu_dmp_motion_driver.o(i.dmp_set_fifo_rate)
    i.dmp_set_gyro_bias                      0x080044dc   Section        0  inv_mpu_dmp_motion_driver.o(i.dmp_set_gyro_bias)
    i.dmp_set_orientation                    0x0800460c   Section        0  inv_mpu_dmp_motion_driver.o(i.dmp_set_orientation)
    i.dmp_set_shake_reject_thresh            0x08004744   Section        0  inv_mpu_dmp_motion_driver.o(i.dmp_set_shake_reject_thresh)
    i.dmp_set_shake_reject_time              0x0800477c   Section        0  inv_mpu_dmp_motion_driver.o(i.dmp_set_shake_reject_time)
    i.dmp_set_shake_reject_timeout           0x080047a2   Section        0  inv_mpu_dmp_motion_driver.o(i.dmp_set_shake_reject_timeout)
    i.dmp_set_tap_axes                       0x080047c8   Section        0  inv_mpu_dmp_motion_driver.o(i.dmp_set_tap_axes)
    i.dmp_set_tap_count                      0x0800480e   Section        0  inv_mpu_dmp_motion_driver.o(i.dmp_set_tap_count)
    i.dmp_set_tap_thresh                     0x08004834   Section        0  inv_mpu_dmp_motion_driver.o(i.dmp_set_tap_thresh)
    i.dmp_set_tap_time                       0x080049d4   Section        0  inv_mpu_dmp_motion_driver.o(i.dmp_set_tap_time)
    i.dmp_set_tap_time_multi                 0x080049fa   Section        0  inv_mpu_dmp_motion_driver.o(i.dmp_set_tap_time_multi)
    i.enterSettings                          0x08004a20   Section        0  controller.o(i.enterSettings)
    i.fputc                                  0x08004a7c   Section        0  usartconfig.o(i.fputc)
    i.getButtonData                          0x08004aa0   Section        0  controller.o(i.getButtonData)
    i.getPart3Direction                      0x08004aec   Section        0  controller.o(i.getPart3Direction)
    i.getYaw                                 0x08004b08   Section        0  inv_mpu.o(i.getYaw)
    i.get_accel_prod_shift                   0x08004c38   Section        0  inv_mpu.o(i.get_accel_prod_shift)
    get_accel_prod_shift                     0x08004c39   Thumb Code   168  inv_mpu.o(i.get_accel_prod_shift)
    i.get_st_biases                          0x08004cec   Section        0  inv_mpu.o(i.get_st_biases)
    get_st_biases                            0x08004ced   Thumb Code  1132  inv_mpu.o(i.get_st_biases)
    i.gyro_self_test                         0x0800515c   Section        0  inv_mpu.o(i.gyro_self_test)
    gyro_self_test                           0x0800515d   Thumb Code   256  inv_mpu.o(i.gyro_self_test)
    i.handGrab                               0x0800526c   Section        0  mechanical_arm.o(i.handGrab)
    i.handOpen                               0x0800527c   Section        0  mechanical_arm.o(i.handOpen)
    i.inv_orientation_matrix_to_scalar       0x0800528e   Section        0  inv_mpu.o(i.inv_orientation_matrix_to_scalar)
    i.inv_row_2_scale                        0x080052b6   Section        0  inv_mpu.o(i.inv_row_2_scale)
    i.isAutoControl                          0x08005304   Section        0  controller.o(i.isAutoControl)
    i.main                                   0x08005358   Section        0  main.o(i.main)
    i.mget_ms                                0x08005430   Section        0  inv_mpu.o(i.mget_ms)
    i.mpu_configure_fifo                     0x08005434   Section        0  inv_mpu.o(i.mpu_configure_fifo)
    i.mpu_dmp_init                           0x080054a4   Section        0  inv_mpu.o(i.mpu_dmp_init)
    i.mpu_get_accel_fsr                      0x08005544   Section        0  inv_mpu.o(i.mpu_get_accel_fsr)
    i.mpu_get_fifo_config                    0x08005590   Section        0  inv_mpu.o(i.mpu_get_fifo_config)
    i.mpu_get_gyro_fsr                       0x080055a0   Section        0  inv_mpu.o(i.mpu_get_gyro_fsr)
    i.mpu_get_gyro_sens                      0x080055e4   Section        0  inv_mpu.o(i.mpu_get_gyro_sens)
    i.mpu_get_lpf                            0x08005634   Section        0  inv_mpu.o(i.mpu_get_lpf)
    i.mpu_get_sample_rate                    0x08005684   Section        0  inv_mpu.o(i.mpu_get_sample_rate)
    i.mpu_init                               0x080056a4   Section        0  inv_mpu.o(i.mpu_init)
    i.mpu_load_firmware                      0x08005894   Section        0  inv_mpu.o(i.mpu_load_firmware)
    i.mpu_lp_accel_mode                      0x0800594c   Section        0  inv_mpu.o(i.mpu_lp_accel_mode)
    i.mpu_read_fifo_stream                   0x08005a2c   Section        0  inv_mpu.o(i.mpu_read_fifo_stream)
    i.mpu_read_mem                           0x08005aec   Section        0  inv_mpu.o(i.mpu_read_mem)
    i.mpu_reset_fifo                         0x08005b6c   Section        0  inv_mpu.o(i.mpu_reset_fifo)
    i.mpu_run_self_test                      0x08005d34   Section        0  inv_mpu.o(i.mpu_run_self_test)
    i.mpu_set_accel_fsr                      0x08005e50   Section        0  inv_mpu.o(i.mpu_set_accel_fsr)
    i.mpu_set_bypass                         0x08005ed4   Section        0  inv_mpu.o(i.mpu_set_bypass)
    i.mpu_set_dmp_state                      0x08006020   Section        0  inv_mpu.o(i.mpu_set_dmp_state)
    i.mpu_set_gyro_fsr                       0x080060b0   Section        0  inv_mpu.o(i.mpu_set_gyro_fsr)
    i.mpu_set_int_latched                    0x08006138   Section        0  inv_mpu.o(i.mpu_set_int_latched)
    i.mpu_set_lpf                            0x080061a4   Section        0  inv_mpu.o(i.mpu_set_lpf)
    i.mpu_set_sample_rate                    0x08006228   Section        0  inv_mpu.o(i.mpu_set_sample_rate)
    i.mpu_set_sensors                        0x080062c4   Section        0  inv_mpu.o(i.mpu_set_sensors)
    i.mpu_write_mem                          0x08006394   Section        0  inv_mpu.o(i.mpu_write_mem)
    i.onExternData                           0x08006414   Section        0  wificontrol.o(i.onExternData)
    i.putArmHigh                             0x08006416   Section        0  mechanical_arm.o(i.putArmHigh)
    i.putArmLow                              0x0800644a   Section        0  mechanical_arm.o(i.putArmLow)
    i.run_self_test                          0x080064d0   Section        0  inv_mpu.o(i.run_self_test)
    i.saveChangesAndExit                     0x0800653c   Section        0  controller.o(i.saveChangesAndExit)
    i.sendCmd2MCU                            0x08006598   Section        0  controller.o(i.sendCmd2MCU)
    i.sendCmd2PS2                            0x08006650   Section        0  controller.o(i.sendCmd2PS2)
    i.setBackwards                           0x080066e0   Section        0  movement.o(i.setBackwards)
    i.setForwards                            0x08006710   Section        0  movement.o(i.setForwards)
    i.setSpeed                               0x08006740   Section        0  movement.o(i.setSpeed)
    i.setTurnLeft                            0x080067e0   Section        0  movement.o(i.setTurnLeft)
    i.setTurnRight                           0x08006810   Section        0  movement.o(i.setTurnRight)
    i.set_int_enable                         0x08006840   Section        0  inv_mpu.o(i.set_int_enable)
    set_int_enable                           0x08006841   Thumb Code   138  inv_mpu.o(i.set_int_enable)
    i.shortPoll                              0x080068d0   Section        0  controller.o(i.shortPoll)
    i.stopTheCar                             0x08006914   Section        0  movement.o(i.stopTheCar)
    i.turnOnModeChange                       0x08006968   Section        0  controller.o(i.turnOnModeChange)
    i.turnOnVibrationMode                    0x080069bc   Section        0  controller.o(i.turnOnVibrationMode)
    .constdata                               0x08006a00   Section       80  inv_mpu.o(.constdata)
    .constdata                               0x08006a50   Section     3062  inv_mpu_dmp_motion_driver.o(.constdata)
    dmp_memory                               0x08006a50   Data        3062  inv_mpu_dmp_motion_driver.o(.constdata)
    .constdata                               0x08007648   Section      152  atan.o(.constdata)
    atanhi                                   0x08007648   Data          32  atan.o(.constdata)
    atanlo                                   0x08007668   Data          32  atan.o(.constdata)
    aTodd                                    0x08007688   Data          40  atan.o(.constdata)
    aTeven                                   0x080076b0   Data          48  atan.o(.constdata)
    .constdata                               0x080076e0   Section        8  qnan.o(.constdata)
    .conststring                             0x080076e8   Section       77  inv_mpu.o(.conststring)
    .data                                    0x20000000   Section       26  controller.o(.data)
    .data                                    0x2000001a   Section        4  delay.o(.data)
    fac_us                                   0x2000001a   Data           1  delay.o(.data)
    fac_ms                                   0x2000001c   Data           2  delay.o(.data)
    .data                                    0x20000020   Section       12  tim.o(.data)
    .data                                    0x2000002c   Section       53  inv_mpu.o(.data)
    st                                       0x2000002c   Data          44  inv_mpu.o(.data)
    gyro_orientation                         0x20000058   Data           9  inv_mpu.o(.data)
    .data                                    0x20000064   Section       23  autocontrol.o(.data)
    .data                                    0x2000007b   Section      259  usartconfig.o(.data)
    .data                                    0x2000017e   Section        3  wificontrol.o(.data)
    .data                                    0x20000181   Section        1  main.o(.data)
    .data                                    0x20000182   Section       20  stm32f10x_rcc.o(.data)
    APBAHBPrescTable                         0x20000182   Data          16  stm32f10x_rcc.o(.data)
    ADCPrescTable                            0x20000192   Data           4  stm32f10x_rcc.o(.data)
    .data                                    0x20000198   Section        4  stdout.o(.data)
    .bss                                     0x2000019c   Section        9  controller.o(.bss)
    .bss                                     0x200001a8   Section       16  inv_mpu_dmp_motion_driver.o(.bss)
    dmp                                      0x200001a8   Data          16  inv_mpu_dmp_motion_driver.o(.bss)
    .bss                                     0x200001b8   Section       24  adcconfig.o(.bss)
    STACK                                    0x200001d0   Section     1024  startup_stm32f10x_hd.o(STACK)

    Global Symbols

    Symbol Name                              Value     Ov Type        Size  Object(Section)

    BuildAttributes$$THM_ISAv4$P$D$K$B$S$PE$A:L22UL41UL21$X:L11$S22US41US21$IEEE1$IW$USESV6$~STKCKD$USESV7$~SHL$OTIME$ROPI$IEEEX$EBA8$MICROLIB$REQ8$PRES8$EABIv2 0x00000000   Number         0  anon$$obj.o ABSOLUTE
    __ARM_use_no_argv                        0x00000000   Number         0  main.o ABSOLUTE
    _printf_a                                0x00000000   Number         0  stubs.o ABSOLUTE
    _printf_c                                0x00000000   Number         0  stubs.o ABSOLUTE
    _printf_charcount                        0x00000000   Number         0  stubs.o ABSOLUTE
    _printf_d                                0x00000000   Number         0  stubs.o ABSOLUTE
    _printf_e                                0x00000000   Number         0  stubs.o ABSOLUTE
    _printf_f                                0x00000000   Number         0  stubs.o ABSOLUTE
    _printf_flags                            0x00000000   Number         0  stubs.o ABSOLUTE
    _printf_fp_dec                           0x00000000   Number         0  stubs.o ABSOLUTE
    _printf_fp_hex                           0x00000000   Number         0  stubs.o ABSOLUTE
    _printf_g                                0x00000000   Number         0  stubs.o ABSOLUTE
    _printf_i                                0x00000000   Number         0  stubs.o ABSOLUTE
    _printf_int_dec                          0x00000000   Number         0  stubs.o ABSOLUTE
    _printf_l                                0x00000000   Number         0  stubs.o ABSOLUTE
    _printf_lc                               0x00000000   Number         0  stubs.o ABSOLUTE
    _printf_ll                               0x00000000   Number         0  stubs.o ABSOLUTE
    _printf_lld                              0x00000000   Number         0  stubs.o ABSOLUTE
    _printf_lli                              0x00000000   Number         0  stubs.o ABSOLUTE
    _printf_llo                              0x00000000   Number         0  stubs.o ABSOLUTE
    _printf_llu                              0x00000000   Number         0  stubs.o ABSOLUTE
    _printf_llx                              0x00000000   Number         0  stubs.o ABSOLUTE
    _printf_longlong_dec                     0x00000000   Number         0  stubs.o ABSOLUTE
    _printf_longlong_hex                     0x00000000   Number         0  stubs.o ABSOLUTE
    _printf_longlong_oct                     0x00000000   Number         0  stubs.o ABSOLUTE
    _printf_ls                               0x00000000   Number         0  stubs.o ABSOLUTE
    _printf_mbtowc                           0x00000000   Number         0  stubs.o ABSOLUTE
    _printf_n                                0x00000000   Number         0  stubs.o ABSOLUTE
    _printf_o                                0x00000000   Number         0  stubs.o ABSOLUTE
    _printf_p                                0x00000000   Number         0  stubs.o ABSOLUTE
    _printf_percent                          0x00000000   Number         0  stubs.o ABSOLUTE
    _printf_pre_padding                      0x00000000   Number         0  stubs.o ABSOLUTE
    _printf_return_value                     0x00000000   Number         0  stubs.o ABSOLUTE
    _printf_s                                0x00000000   Number         0  stubs.o ABSOLUTE
    _printf_sizespec                         0x00000000   Number         0  stubs.o ABSOLUTE
    _printf_str                              0x00000000   Number         0  stubs.o ABSOLUTE
    _printf_truncate_signed                  0x00000000   Number         0  stubs.o ABSOLUTE
    _printf_truncate_unsigned                0x00000000   Number         0  stubs.o ABSOLUTE
    _printf_u                                0x00000000   Number         0  stubs.o ABSOLUTE
    _printf_wc                               0x00000000   Number         0  stubs.o ABSOLUTE
    _printf_wctomb                           0x00000000   Number         0  stubs.o ABSOLUTE
    _printf_widthprec                        0x00000000   Number         0  stubs.o ABSOLUTE
    _printf_x                                0x00000000   Number         0  stubs.o ABSOLUTE
    __cpp_initialize__aeabi_                  - Undefined Weak Reference
    __cxa_finalize                            - Undefined Weak Reference
    _clock_init                               - Undefined Weak Reference
    _microlib_exit                            - Undefined Weak Reference
    __Vectors_Size                           0x00000130   Number         0  startup_stm32f10x_hd.o ABSOLUTE
    __Vectors                                0x08000000   Data           4  startup_stm32f10x_hd.o(RESET)
    __Vectors_End                            0x08000130   Data           0  startup_stm32f10x_hd.o(RESET)
    __main                                   0x08000131   Thumb Code     0  entry.o(.ARM.Collect$$$$00000000)
    _main_stk                                0x08000131   Thumb Code     0  entry2.o(.ARM.Collect$$$$00000001)
    _main_scatterload                        0x08000135   Thumb Code     0  entry5.o(.ARM.Collect$$$$00000004)
    __main_after_scatterload                 0x08000139   Thumb Code     0  entry5.o(.ARM.Collect$$$$00000004)
    _main_clock                              0x08000139   Thumb Code     0  entry7b.o(.ARM.Collect$$$$00000008)
    _main_cpp_init                           0x08000139   Thumb Code     0  entry8b.o(.ARM.Collect$$$$0000000A)
    _main_init                               0x08000139   Thumb Code     0  entry9a.o(.ARM.Collect$$$$0000000B)
    __rt_final_cpp                           0x08000141   Thumb Code     0  entry10a.o(.ARM.Collect$$$$0000000D)
    __rt_final_exit                          0x08000141   Thumb Code     0  entry11a.o(.ARM.Collect$$$$0000000F)
    Reset_Handler                            0x08000145   Thumb Code     8  startup_stm32f10x_hd.o(.text)
    ADC1_2_IRQHandler                        0x0800015f   Thumb Code     0  startup_stm32f10x_hd.o(.text)
    ADC3_IRQHandler                          0x0800015f   Thumb Code     0  startup_stm32f10x_hd.o(.text)
    CAN1_RX1_IRQHandler                      0x0800015f   Thumb Code     0  startup_stm32f10x_hd.o(.text)
    CAN1_SCE_IRQHandler                      0x0800015f   Thumb Code     0  startup_stm32f10x_hd.o(.text)
    DMA1_Channel1_IRQHandler                 0x0800015f   Thumb Code     0  startup_stm32f10x_hd.o(.text)
    DMA1_Channel2_IRQHandler                 0x0800015f   Thumb Code     0  startup_stm32f10x_hd.o(.text)
    DMA1_Channel3_IRQHandler                 0x0800015f   Thumb Code     0  startup_stm32f10x_hd.o(.text)
    DMA1_Channel4_IRQHandler                 0x0800015f   Thumb Code     0  startup_stm32f10x_hd.o(.text)
    DMA1_Channel5_IRQHandler                 0x0800015f   Thumb Code     0  startup_stm32f10x_hd.o(.text)
    DMA1_Channel6_IRQHandler                 0x0800015f   Thumb Code     0  startup_stm32f10x_hd.o(.text)
    DMA1_Channel7_IRQHandler                 0x0800015f   Thumb Code     0  startup_stm32f10x_hd.o(.text)
    DMA2_Channel1_IRQHandler                 0x0800015f   Thumb Code     0  startup_stm32f10x_hd.o(.text)
    DMA2_Channel2_IRQHandler                 0x0800015f   Thumb Code     0  startup_stm32f10x_hd.o(.text)
    DMA2_Channel3_IRQHandler                 0x0800015f   Thumb Code     0  startup_stm32f10x_hd.o(.text)
    DMA2_Channel4_5_IRQHandler               0x0800015f   Thumb Code     0  startup_stm32f10x_hd.o(.text)
    EXTI0_IRQHandler                         0x0800015f   Thumb Code     0  startup_stm32f10x_hd.o(.text)
    EXTI15_10_IRQHandler                     0x0800015f   Thumb Code     0  startup_stm32f10x_hd.o(.text)
    EXTI1_IRQHandler                         0x0800015f   Thumb Code     0  startup_stm32f10x_hd.o(.text)
    EXTI2_IRQHandler                         0x0800015f   Thumb Code     0  startup_stm32f10x_hd.o(.text)
    EXTI3_IRQHandler                         0x0800015f   Thumb Code     0  startup_stm32f10x_hd.o(.text)
    EXTI4_IRQHandler                         0x0800015f   Thumb Code     0  startup_stm32f10x_hd.o(.text)
    EXTI9_5_IRQHandler                       0x0800015f   Thumb Code     0  startup_stm32f10x_hd.o(.text)
    FLASH_IRQHandler                         0x0800015f   Thumb Code     0  startup_stm32f10x_hd.o(.text)
    FSMC_IRQHandler                          0x0800015f   Thumb Code     0  startup_stm32f10x_hd.o(.text)
    I2C1_ER_IRQHandler                       0x0800015f   Thumb Code     0  startup_stm32f10x_hd.o(.text)
    I2C1_EV_IRQHandler                       0x0800015f   Thumb Code     0  startup_stm32f10x_hd.o(.text)
    I2C2_ER_IRQHandler                       0x0800015f   Thumb Code     0  startup_stm32f10x_hd.o(.text)
    I2C2_EV_IRQHandler                       0x0800015f   Thumb Code     0  startup_stm32f10x_hd.o(.text)
    PVD_IRQHandler                           0x0800015f   Thumb Code     0  startup_stm32f10x_hd.o(.text)
    RCC_IRQHandler                           0x0800015f   Thumb Code     0  startup_stm32f10x_hd.o(.text)
    RTCAlarm_IRQHandler                      0x0800015f   Thumb Code     0  startup_stm32f10x_hd.o(.text)
    RTC_IRQHandler                           0x0800015f   Thumb Code     0  startup_stm32f10x_hd.o(.text)
    SDIO_IRQHandler                          0x0800015f   Thumb Code     0  startup_stm32f10x_hd.o(.text)
    SPI1_IRQHandler                          0x0800015f   Thumb Code     0  startup_stm32f10x_hd.o(.text)
    SPI2_IRQHandler                          0x0800015f   Thumb Code     0  startup_stm32f10x_hd.o(.text)
    SPI3_IRQHandler                          0x0800015f   Thumb Code     0  startup_stm32f10x_hd.o(.text)
    TAMPER_IRQHandler                        0x0800015f   Thumb Code     0  startup_stm32f10x_hd.o(.text)
    TIM1_BRK_IRQHandler                      0x0800015f   Thumb Code     0  startup_stm32f10x_hd.o(.text)
    TIM1_CC_IRQHandler                       0x0800015f   Thumb Code     0  startup_stm32f10x_hd.o(.text)
    TIM1_TRG_COM_IRQHandler                  0x0800015f   Thumb Code     0  startup_stm32f10x_hd.o(.text)
    TIM1_UP_IRQHandler                       0x0800015f   Thumb Code     0  startup_stm32f10x_hd.o(.text)
    TIM2_IRQHandler                          0x0800015f   Thumb Code     0  startup_stm32f10x_hd.o(.text)
    TIM4_IRQHandler                          0x0800015f   Thumb Code     0  startup_stm32f10x_hd.o(.text)
    TIM5_IRQHandler                          0x0800015f   Thumb Code     0  startup_stm32f10x_hd.o(.text)
    TIM6_IRQHandler                          0x0800015f   Thumb Code     0  startup_stm32f10x_hd.o(.text)
    TIM7_IRQHandler                          0x0800015f   Thumb Code     0  startup_stm32f10x_hd.o(.text)
    TIM8_BRK_IRQHandler                      0x0800015f   Thumb Code     0  startup_stm32f10x_hd.o(.text)
    TIM8_CC_IRQHandler                       0x0800015f   Thumb Code     0  startup_stm32f10x_hd.o(.text)
    TIM8_TRG_COM_IRQHandler                  0x0800015f   Thumb Code     0  startup_stm32f10x_hd.o(.text)
    TIM8_UP_IRQHandler                       0x0800015f   Thumb Code     0  startup_stm32f10x_hd.o(.text)
    UART4_IRQHandler                         0x0800015f   Thumb Code     0  startup_stm32f10x_hd.o(.text)
    UART5_IRQHandler                         0x0800015f   Thumb Code     0  startup_stm32f10x_hd.o(.text)
    USART2_IRQHandler                        0x0800015f   Thumb Code     0  startup_stm32f10x_hd.o(.text)
    USART3_IRQHandler                        0x0800015f   Thumb Code     0  startup_stm32f10x_hd.o(.text)
    USBWakeUp_IRQHandler                     0x0800015f   Thumb Code     0  startup_stm32f10x_hd.o(.text)
    USB_HP_CAN1_TX_IRQHandler                0x0800015f   Thumb Code     0  startup_stm32f10x_hd.o(.text)
    USB_LP_CAN1_RX0_IRQHandler               0x0800015f   Thumb Code     0  startup_stm32f10x_hd.o(.text)
    WWDG_IRQHandler                          0x0800015f   Thumb Code     0  startup_stm32f10x_hd.o(.text)
    __aeabi_ldivmod                          0x08000169   Thumb Code    98  ldiv.o(.text)
    __aeabi_memset                           0x080001cb   Thumb Code    14  memseta.o(.text)
    __aeabi_memset4                          0x080001cb   Thumb Code     0  memseta.o(.text)
    __aeabi_memset8                          0x080001cb   Thumb Code     0  memseta.o(.text)
    __aeabi_memclr                           0x080001d9   Thumb Code     4  memseta.o(.text)
    __aeabi_memclr4                          0x080001d9   Thumb Code     0  memseta.o(.text)
    __aeabi_memclr8                          0x080001d9   Thumb Code     0  memseta.o(.text)
    _memset$wrapper                          0x080001dd   Thumb Code    18  memseta.o(.text)
    memcmp                                   0x080001ef   Thumb Code    26  memcmp.o(.text)
    __aeabi_fadd                             0x08000209   Thumb Code   164  fadd.o(.text)
    __aeabi_fsub                             0x080002ad   Thumb Code     6  fadd.o(.text)
    __aeabi_frsub                            0x080002b3   Thumb Code     6  fadd.o(.text)
    __aeabi_fmul                             0x080002b9   Thumb Code   100  fmul.o(.text)
    __aeabi_fdiv                             0x0800031d   Thumb Code   124  fdiv.o(.text)
    __aeabi_dadd                             0x08000399   Thumb Code   322  dadd.o(.text)
    __aeabi_dsub                             0x080004db   Thumb Code     6  dadd.o(.text)
    __aeabi_drsub                            0x080004e1   Thumb Code     6  dadd.o(.text)
    __aeabi_dmul                             0x080004e7   Thumb Code   228  dmul.o(.text)
    __aeabi_ddiv                             0x080005cb   Thumb Code   222  ddiv.o(.text)
    __aeabi_i2f                              0x080006a9   Thumb Code    18  fflti.o(.text)
    __aeabi_ui2f                             0x080006bb   Thumb Code    10  ffltui.o(.text)
    __aeabi_f2iz                             0x080006c5   Thumb Code    50  ffixi.o(.text)
    __aeabi_f2uiz                            0x080006f7   Thumb Code    40  ffixui.o(.text)
    __aeabi_f2d                              0x0800071f   Thumb Code    38  f2d.o(.text)
    __aeabi_d2f                              0x08000745   Thumb Code    56  d2f.o(.text)
    __aeabi_cfcmpeq                          0x0800077d   Thumb Code     0  cfcmple.o(.text)
    __aeabi_cfcmple                          0x0800077d   Thumb Code    20  cfcmple.o(.text)
    __aeabi_cfrcmple                         0x08000791   Thumb Code    20  cfrcmple.o(.text)
    __aeabi_uldivmod                         0x080007a5   Thumb Code    98  uldiv.o(.text)
    __aeabi_llsl                             0x08000807   Thumb Code    30  llshl.o(.text)
    _ll_shift_l                              0x08000807   Thumb Code     0  llshl.o(.text)
    __aeabi_lasr                             0x08000825   Thumb Code    36  llsshr.o(.text)
    _ll_sshift_r                             0x08000825   Thumb Code     0  llsshr.o(.text)
    __I$use$fp                               0x08000849   Thumb Code     0  iusefp.o(.text)
    _float_round                             0x08000849   Thumb Code    18  fepilogue.o(.text)
    _float_epilogue                          0x0800085b   Thumb Code    92  fepilogue.o(.text)
    _double_round                            0x080008b7   Thumb Code    30  depilogue.o(.text)
    _double_epilogue                         0x080008d5   Thumb Code   156  depilogue.o(.text)
    __ARM_scalbn                             0x08000971   Thumb Code    46  dscalb.o(.text)
    scalbn                                   0x08000971   Thumb Code     0  dscalb.o(.text)
    __scatterload                            0x080009a1   Thumb Code    28  init.o(.text)
    __scatterload_rt2                        0x080009a1   Thumb Code     0  init.o(.text)
    __aeabi_llsr                             0x080009c5   Thumb Code    32  llushr.o(.text)
    _ll_ushift_r                             0x080009c5   Thumb Code     0  llushr.o(.text)
    __decompress                             0x080009e5   Thumb Code     0  __dczerorl2.o(.text)
    __decompress1                            0x080009e5   Thumb Code    86  __dczerorl2.o(.text)
    ADC_Cmd                                  0x08000a3b   Thumb Code    22  stm32f10x_adc.o(i.ADC_Cmd)
    ADC_Config                               0x08000a51   Thumb Code   384  adcconfig.o(i.ADC_Config)
    ADC_DMACmd                               0x08000be5   Thumb Code    22  stm32f10x_adc.o(i.ADC_DMACmd)
    ADC_GetCalibrationStatus                 0x08000bfb   Thumb Code    20  stm32f10x_adc.o(i.ADC_GetCalibrationStatus)
    ADC_GetResetCalibrationStatus            0x08000c0f   Thumb Code    20  stm32f10x_adc.o(i.ADC_GetResetCalibrationStatus)
    ADC_Init                                 0x08000c25   Thumb Code    70  stm32f10x_adc.o(i.ADC_Init)
    ADC_PrintValue                           0x08000c75   Thumb Code    64  adcconfig.o(i.ADC_PrintValue)
    ADC_RegularChannelConfig                 0x08000d35   Thumb Code   184  stm32f10x_adc.o(i.ADC_RegularChannelConfig)
    ADC_ResetCalibration                     0x08000ded   Thumb Code    10  stm32f10x_adc.o(i.ADC_ResetCalibration)
    ADC_StartCalibration                     0x08000df7   Thumb Code    10  stm32f10x_adc.o(i.ADC_StartCalibration)
    Arm_Config                               0x08000e01   Thumb Code    44  mechanical_arm.o(i.Arm_Config)
    AutoControl                              0x08000e2d   Thumb Code    54  autocontrol.o(i.AutoControl)
    AutoControlConfig                        0x08000e89   Thumb Code    34  autocontrol.o(i.AutoControlConfig)
    BusFault_Handler                         0x08000eb1   Thumb Code     4  stm32f10x_it.o(i.BusFault_Handler)
    Controller_Config                        0x08000eb5   Thumb Code    94  controller.o(i.Controller_Config)
    DMA_Cmd                                  0x08000f19   Thumb Code    24  stm32f10x_dma.o(i.DMA_Cmd)
    DMA_DeInit                               0x08000f31   Thumb Code   324  stm32f10x_dma.o(i.DMA_DeInit)
    DMA_Init                                 0x0800107d   Thumb Code    60  stm32f10x_dma.o(i.DMA_Init)
    DebugMon_Handler                         0x080010b9   Thumb Code     2  stm32f10x_it.o(i.DebugMon_Handler)
    Finding                                  0x080010bd   Thumb Code   312  autocontrol.o(i.Finding)
    GPIO_Init                                0x08001235   Thumb Code   278  stm32f10x_gpio.o(i.GPIO_Init)
    GPIO_PinRemapConfig                      0x0800134d   Thumb Code   138  stm32f10x_gpio.o(i.GPIO_PinRemapConfig)
    GPIO_ReadInputDataBit                    0x080013dd   Thumb Code    18  stm32f10x_gpio.o(i.GPIO_ReadInputDataBit)
    GPIO_ReadOutputData                      0x080013ef   Thumb Code     8  stm32f10x_gpio.o(i.GPIO_ReadOutputData)
    GPIO_ResetBits                           0x080013f7   Thumb Code     4  stm32f10x_gpio.o(i.GPIO_ResetBits)
    GPIO_SetBits                             0x080013fb   Thumb Code     4  stm32f10x_gpio.o(i.GPIO_SetBits)
    GPIO_Write                               0x080013ff   Thumb Code     4  stm32f10x_gpio.o(i.GPIO_Write)
    HardFault_Handler                        0x08001403   Thumb Code     4  stm32f10x_it.o(i.HardFault_Handler)
    I2C_CheckEvent                           0x08001407   Thumb Code    42  stm32f10x_i2c.o(i.I2C_CheckEvent)
    I2C_Cmd                                  0x08001431   Thumb Code    24  stm32f10x_i2c.o(i.I2C_Cmd)
    I2C_GenerateSTART                        0x08001449   Thumb Code    24  stm32f10x_i2c.o(i.I2C_GenerateSTART)
    I2C_GenerateSTOP                         0x08001461   Thumb Code    24  stm32f10x_i2c.o(i.I2C_GenerateSTOP)
    I2C_GetFlagStatus                        0x08001479   Thumb Code    58  stm32f10x_i2c.o(i.I2C_GetFlagStatus)
    I2C_Init                                 0x080014b5   Thumb Code   222  stm32f10x_i2c.o(i.I2C_Init)
    I2C_ReceiveData                          0x080015a1   Thumb Code     8  stm32f10x_i2c.o(i.I2C_ReceiveData)
    I2C_Send7bitAddress                      0x080015a9   Thumb Code    18  stm32f10x_i2c.o(i.I2C_Send7bitAddress)
    I2C_SendData                             0x080015bb   Thumb Code     4  stm32f10x_i2c.o(i.I2C_SendData)
    LightCheck                               0x080015c1   Thumb Code   126  autocontrol.o(i.LightCheck)
    MPU_IIC_Ack                              0x0800164d   Thumb Code    62  mpuiic.o(i.MPU_IIC_Ack)
    MPU_IIC_Delay                            0x08001699   Thumb Code    10  mpuiic.o(i.MPU_IIC_Delay)
    MPU_IIC_Init                             0x080016a5   Thumb Code    40  mpuiic.o(i.MPU_IIC_Init)
    MPU_IIC_NAck                             0x080016d1   Thumb Code    62  mpuiic.o(i.MPU_IIC_NAck)
    MPU_IIC_Read_Byte                        0x0800171d   Thumb Code    94  mpuiic.o(i.MPU_IIC_Read_Byte)
    MPU_IIC_Send_Byte                        0x08001789   Thumb Code    80  mpuiic.o(i.MPU_IIC_Send_Byte)
    MPU_IIC_Start                            0x080017e5   Thumb Code    60  mpuiic.o(i.MPU_IIC_Start)
    MPU_IIC_Stop                             0x0800182d   Thumb Code    58  mpuiic.o(i.MPU_IIC_Stop)
    MPU_IIC_Wait_Ack                         0x08001875   Thumb Code    86  mpuiic.o(i.MPU_IIC_Wait_Ack)
    MPU_Init                                 0x080018d9   Thumb Code   180  mpu6050.o(i.MPU_Init)
    MPU_Read_Byte                            0x08001999   Thumb Code    58  mpu6050.o(i.MPU_Read_Byte)
    MPU_Read_Len                             0x080019d3   Thumb Code   116  mpu6050.o(i.MPU_Read_Len)
    MPU_Set_Accel_Fsr                        0x08001a47   Thumb Code    16  mpu6050.o(i.MPU_Set_Accel_Fsr)
    MPU_Set_Gyro_Fsr                         0x08001a57   Thumb Code    16  mpu6050.o(i.MPU_Set_Gyro_Fsr)
    MPU_Set_LPF                              0x08001a67   Thumb Code    58  mpu6050.o(i.MPU_Set_LPF)
    MPU_Set_Rate                             0x08001aa1   Thumb Code    58  mpu6050.o(i.MPU_Set_Rate)
    MPU_Write_Byte                           0x08001adb   Thumb Code    68  mpu6050.o(i.MPU_Write_Byte)
    MPU_Write_Len                            0x08001b1f   Thumb Code    96  mpu6050.o(i.MPU_Write_Len)
    MemManage_Handler                        0x08001b7f   Thumb Code     4  stm32f10x_it.o(i.MemManage_Handler)
    NMI_Handler                              0x08001b83   Thumb Code     2  stm32f10x_it.o(i.NMI_Handler)
    NVIC_Config                              0x08001b85   Thumb Code    46  sysconfig.o(i.NVIC_Config)
    NVIC_Init                                0x08001bb5   Thumb Code   100  misc.o(i.NVIC_Init)
    NVIC_PriorityGroupConfig                 0x08001c25   Thumb Code    10  misc.o(i.NVIC_PriorityGroupConfig)
    NVIC_SetVectorTable                      0x08001c39   Thumb Code    12  misc.o(i.NVIC_SetVectorTable)
    PCA9685_I2C_BeginTransmission            0x08001c4d   Thumb Code    54  pca9685.o(i.PCA9685_I2C_BeginTransmission)
    PCA9685_I2C_EndTransmission              0x08001c91   Thumb Code    12  pca9685.o(i.PCA9685_I2C_EndTransmission)
    PCA9685_I2C_GPIO_Config                  0x08001ca1   Thumb Code    46  pca9685.o(i.PCA9685_I2C_GPIO_Config)
    PCA9685_I2C_HasSlaveAtAddress            0x08001cd5   Thumb Code     6  pca9685.o(i.PCA9685_I2C_HasSlaveAtAddress)
    PCA9685_I2C_Init                         0x08001cdb   Thumb Code    12  pca9685.o(i.PCA9685_I2C_Init)
    PCA9685_I2C_Mode_Config                  0x08001ce9   Thumb Code    52  pca9685.o(i.PCA9685_I2C_Mode_Config)
    PCA9685_I2C_RequestFrom                  0x08001d25   Thumb Code   120  pca9685.o(i.PCA9685_I2C_RequestFrom)
    PCA9685_I2C_Write                        0x08001da5   Thumb Code    28  pca9685.o(i.PCA9685_I2C_Write)
    PCA9685_Init                             0x08001dc9   Thumb Code   136  pca9685.o(i.PCA9685_Init)
    PCA9685_SetOutput                        0x08001e51   Thumb Code    82  pca9685.o(i.PCA9685_SetOutput)
    PCA9685_WakeUp                           0x08001ea3   Thumb Code    70  pca9685.o(i.PCA9685_WakeUp)
    PendSV_Handler                           0x08001ee9   Thumb Code     2  stm32f10x_it.o(i.PendSV_Handler)
    PreDeal                                  0x08001eeb   Thumb Code    50  autocontrol.o(i.PreDeal)
    RCC_ADCCLKConfig                         0x08001f1d   Thumb Code    18  stm32f10x_rcc.o(i.RCC_ADCCLKConfig)
    RCC_AHBPeriphClockCmd                    0x08001f35   Thumb Code    26  stm32f10x_rcc.o(i.RCC_AHBPeriphClockCmd)
    RCC_APB1PeriphClockCmd                   0x08001f55   Thumb Code    26  stm32f10x_rcc.o(i.RCC_APB1PeriphClockCmd)
    RCC_APB2PeriphClockCmd                   0x08001f75   Thumb Code    26  stm32f10x_rcc.o(i.RCC_APB2PeriphClockCmd)
    RCC_GetClocksFreq                        0x08001f95   Thumb Code   192  stm32f10x_rcc.o(i.RCC_GetClocksFreq)
    RcvBufClear                              0x08002069   Thumb Code    34  usartconfig.o(i.RcvBufClear)
    SVC_Handler                              0x0800209d   Thumb Code     2  stm32f10x_it.o(i.SVC_Handler)
    Seeking                                  0x080020a1   Thumb Code   262  autocontrol.o(i.Seeking)
    SysTick_Handler                          0x08002365   Thumb Code     2  stm32f10x_it.o(i.SysTick_Handler)
    SystemInit                               0x08002369   Thumb Code    78  system_stm32f10x.o(i.SystemInit)
    TIM3_IRQHandler                          0x08002609   Thumb Code   388  tim.o(i.TIM3_IRQHandler)
    TIM3_Init                                0x080027a1   Thumb Code   248  tim.o(i.TIM3_Init)
    TIM_ARRPreloadConfig                     0x080028a9   Thumb Code    24  stm32f10x_tim.o(i.TIM_ARRPreloadConfig)
    TIM_ClearITPendingBit                    0x080028c1   Thumb Code     6  stm32f10x_tim.o(i.TIM_ClearITPendingBit)
    TIM_Cmd                                  0x080028c7   Thumb Code    24  stm32f10x_tim.o(i.TIM_Cmd)
    TIM_GetCapture2                          0x080028df   Thumb Code     6  stm32f10x_tim.o(i.TIM_GetCapture2)
    TIM_GetCapture3                          0x080028e5   Thumb Code     6  stm32f10x_tim.o(i.TIM_GetCapture3)
    TIM_GetCapture4                          0x080028eb   Thumb Code     8  stm32f10x_tim.o(i.TIM_GetCapture4)
    TIM_GetITStatus                          0x080028f3   Thumb Code    34  stm32f10x_tim.o(i.TIM_GetITStatus)
    TIM_ICInit                               0x08002915   Thumb Code   150  stm32f10x_tim.o(i.TIM_ICInit)
    TIM_ITConfig                             0x080029c1   Thumb Code    18  stm32f10x_tim.o(i.TIM_ITConfig)
    TIM_OC2PolarityConfig                    0x080029d3   Thumb Code    26  stm32f10x_tim.o(i.TIM_OC2PolarityConfig)
    TIM_OC3PolarityConfig                    0x080029ed   Thumb Code    26  stm32f10x_tim.o(i.TIM_OC3PolarityConfig)
    TIM_OC4PolarityConfig                    0x08002a07   Thumb Code    26  stm32f10x_tim.o(i.TIM_OC4PolarityConfig)
    TIM_PrescalerConfig                      0x08002a21   Thumb Code     6  stm32f10x_tim.o(i.TIM_PrescalerConfig)
    TIM_SetIC1Prescaler                      0x08002a27   Thumb Code    18  stm32f10x_tim.o(i.TIM_SetIC1Prescaler)
    TIM_SetIC2Prescaler                      0x08002a39   Thumb Code    26  stm32f10x_tim.o(i.TIM_SetIC2Prescaler)
    TIM_SetIC3Prescaler                      0x08002a53   Thumb Code    18  stm32f10x_tim.o(i.TIM_SetIC3Prescaler)
    TIM_SetIC4Prescaler                      0x08002a65   Thumb Code    26  stm32f10x_tim.o(i.TIM_SetIC4Prescaler)
    TIM_TimeBaseInit                         0x08002a81   Thumb Code   122  stm32f10x_tim.o(i.TIM_TimeBaseInit)
    TaskClose                                0x08002b25   Thumb Code    22  autocontrol.o(i.TaskClose)
    TaskStart                                0x08002b41   Thumb Code    36  autocontrol.o(i.TaskStart)
    Tasking                                  0x08002b69   Thumb Code    44  autocontrol.o(i.Tasking)
    Tire_Config                              0x08002b99   Thumb Code    88  movement.o(i.Tire_Config)
    TrackCheck                               0x08002bf5   Thumb Code    70  autocontrol.o(i.TrackCheck)
    Tracking                                 0x08002c41   Thumb Code   430  autocontrol.o(i.Tracking)
    USART1_Config                            0x08002dfd   Thumb Code   164  usartconfig.o(i.USART1_Config)
    USART1_IRQHandler                        0x08002ead   Thumb Code   248  usartconfig.o(i.USART1_IRQHandler)
    USART_ClearFlag                          0x08002fb9   Thumb Code    18  stm32f10x_usart.o(i.USART_ClearFlag)
    USART_Cmd                                0x08002fcb   Thumb Code    24  stm32f10x_usart.o(i.USART_Cmd)
    USART_GetFlagStatus                      0x08002fe3   Thumb Code    26  stm32f10x_usart.o(i.USART_GetFlagStatus)
    USART_GetITStatus                        0x08002ffd   Thumb Code    84  stm32f10x_usart.o(i.USART_GetITStatus)
    USART_ITConfig                           0x08003051   Thumb Code    74  stm32f10x_usart.o(i.USART_ITConfig)
    USART_Init                               0x0800309d   Thumb Code   210  stm32f10x_usart.o(i.USART_Init)
    USART_ReceiveData                        0x08003175   Thumb Code    10  stm32f10x_usart.o(i.USART_ReceiveData)
    USART_SendData                           0x0800317f   Thumb Code     8  stm32f10x_usart.o(i.USART_SendData)
    Ultrasonic_Init                          0x08003189   Thumb Code   148  ultrasonic.o(i.Ultrasonic_Init)
    UsageFault_Handler                       0x08003229   Thumb Code     4  stm32f10x_it.o(i.UsageFault_Handler)
    WIFI_Check                               0x0800322d   Thumb Code   148  wificontrol.o(i.WIFI_Check)
    WIFI_ConnectToServer                     0x080032d1   Thumb Code   166  wificontrol.o(i.WIFI_ConnectToServer)
    __0printf$8                              0x080033c9   Thumb Code    22  printf8.o(i.__0printf$8)
    __1printf$8                              0x080033c9   Thumb Code     0  printf8.o(i.__0printf$8)
    __2printf                                0x080033c9   Thumb Code     0  printf8.o(i.__0printf$8)
    __ARM_fpclassify                         0x080033e9   Thumb Code    40  fpclassify.o(i.__ARM_fpclassify)
    __kernel_poly                            0x08003411   Thumb Code   170  poly.o(i.__kernel_poly)
    __mathlib_dbl_infnan                     0x080034bb   Thumb Code     6  dunder.o(i.__mathlib_dbl_infnan)
    __mathlib_dbl_infnan2                    0x080034c1   Thumb Code     4  dunder.o(i.__mathlib_dbl_infnan2)
    __mathlib_dbl_underflow                  0x080034c5   Thumb Code    10  dunder.o(i.__mathlib_dbl_underflow)
    __scatterload_copy                       0x080034d5   Thumb Code    14  handlers.o(i.__scatterload_copy)
    __scatterload_null                       0x080034e3   Thumb Code     2  handlers.o(i.__scatterload_null)
    __scatterload_zeroinit                   0x080034e5   Thumb Code    14  handlers.o(i.__scatterload_zeroinit)
    armControl                               0x08003a01   Thumb Code    48  mechanical_arm.o(i.armControl)
    atan                                     0x08003a31   Thumb Code   474  atan.o(i.atan)
    atan2                                    0x08003c51   Thumb Code   346  atan2.o(i.atan2)
    carGo                                    0x08003dd1   Thumb Code   108  movement.o(i.carGo)
    clrPS2Buff                               0x08003e3d   Thumb Code    20  controller.o(i.clrPS2Buff)
    controlModeConfirm_Config                0x08003e55   Thumb Code    38  controller.o(i.controlModeConfirm_Config)
    delay_init                               0x08003ee5   Thumb Code    56  delay.o(i.delay_init)
    delay_ms                                 0x08003f25   Thumb Code    56  delay.o(i.delay_ms)
    delay_us                                 0x08003f61   Thumb Code    56  delay.o(i.delay_us)
    dmp_enable_6x_lp_quat                    0x08003f9d   Thumb Code    60  inv_mpu_dmp_motion_driver.o(i.dmp_enable_6x_lp_quat)
    dmp_enable_feature                       0x08003fd9   Thumb Code   530  inv_mpu_dmp_motion_driver.o(i.dmp_enable_feature)
    dmp_enable_gyro_cal                      0x080041f5   Thumb Code    62  inv_mpu_dmp_motion_driver.o(i.dmp_enable_gyro_cal)
    dmp_enable_lp_quat                       0x0800424d   Thumb Code    60  inv_mpu_dmp_motion_driver.o(i.dmp_enable_lp_quat)
    dmp_load_motion_driver_firmware          0x08004289   Thumb Code    20  inv_mpu_dmp_motion_driver.o(i.dmp_load_motion_driver_firmware)
    dmp_read_fifo                            0x080042a1   Thumb Code   456  inv_mpu_dmp_motion_driver.o(i.dmp_read_fifo)
    dmp_set_fifo_rate                        0x0800446d   Thumb Code    96  inv_mpu_dmp_motion_driver.o(i.dmp_set_fifo_rate)
    dmp_set_gyro_bias                        0x080044dd   Thumb Code   294  inv_mpu_dmp_motion_driver.o(i.dmp_set_gyro_bias)
    dmp_set_orientation                      0x0800460d   Thumb Code   290  inv_mpu_dmp_motion_driver.o(i.dmp_set_orientation)
    dmp_set_shake_reject_thresh              0x08004745   Thumb Code    56  inv_mpu_dmp_motion_driver.o(i.dmp_set_shake_reject_thresh)
    dmp_set_shake_reject_time                0x0800477d   Thumb Code    38  inv_mpu_dmp_motion_driver.o(i.dmp_set_shake_reject_time)
    dmp_set_shake_reject_timeout             0x080047a3   Thumb Code    38  inv_mpu_dmp_motion_driver.o(i.dmp_set_shake_reject_timeout)
    dmp_set_tap_axes                         0x080047c9   Thumb Code    70  inv_mpu_dmp_motion_driver.o(i.dmp_set_tap_axes)
    dmp_set_tap_count                        0x0800480f   Thumb Code    38  inv_mpu_dmp_motion_driver.o(i.dmp_set_tap_count)
    dmp_set_tap_thresh                       0x08004835   Thumb Code   396  inv_mpu_dmp_motion_driver.o(i.dmp_set_tap_thresh)
    dmp_set_tap_time                         0x080049d5   Thumb Code    38  inv_mpu_dmp_motion_driver.o(i.dmp_set_tap_time)
    dmp_set_tap_time_multi                   0x080049fb   Thumb Code    38  inv_mpu_dmp_motion_driver.o(i.dmp_set_tap_time_multi)
    enterSettings                            0x08004a21   Thumb Code    86  controller.o(i.enterSettings)
    fputc                                    0x08004a7d   Thumb Code    32  usartconfig.o(i.fputc)
    getButtonData                            0x08004aa1   Thumb Code    62  controller.o(i.getButtonData)
    getPart3Direction                        0x08004aed   Thumb Code    22  controller.o(i.getPart3Direction)
    getYaw                                   0x08004b09   Thumb Code   298  inv_mpu.o(i.getYaw)
    handGrab                                 0x0800526d   Thumb Code    16  mechanical_arm.o(i.handGrab)
    handOpen                                 0x0800527d   Thumb Code    18  mechanical_arm.o(i.handOpen)
    inv_orientation_matrix_to_scalar         0x0800528f   Thumb Code    40  inv_mpu.o(i.inv_orientation_matrix_to_scalar)
    inv_row_2_scale                          0x080052b7   Thumb Code    78  inv_mpu.o(i.inv_row_2_scale)
    isAutoControl                            0x08005305   Thumb Code    74  controller.o(i.isAutoControl)
    main                                     0x08005359   Thumb Code   178  main.o(i.main)
    mget_ms                                  0x08005431   Thumb Code     2  inv_mpu.o(i.mget_ms)
    mpu_configure_fifo                       0x08005435   Thumb Code   106  inv_mpu.o(i.mpu_configure_fifo)
    mpu_dmp_init                             0x080054a5   Thumb Code   154  inv_mpu.o(i.mpu_dmp_init)
    mpu_get_accel_fsr                        0x08005545   Thumb Code    72  inv_mpu.o(i.mpu_get_accel_fsr)
    mpu_get_fifo_config                      0x08005591   Thumb Code    12  inv_mpu.o(i.mpu_get_fifo_config)
    mpu_get_gyro_fsr                         0x080055a1   Thumb Code    64  inv_mpu.o(i.mpu_get_gyro_fsr)
    mpu_get_gyro_sens                        0x080055e5   Thumb Code    58  inv_mpu.o(i.mpu_get_gyro_sens)
    mpu_get_lpf                              0x08005635   Thumb Code    74  inv_mpu.o(i.mpu_get_lpf)
    mpu_get_sample_rate                      0x08005685   Thumb Code    26  inv_mpu.o(i.mpu_get_sample_rate)
    mpu_init                                 0x080056a5   Thumb Code   416  inv_mpu.o(i.mpu_init)
    mpu_load_firmware                        0x08005895   Thumb Code   180  inv_mpu.o(i.mpu_load_firmware)
    mpu_lp_accel_mode                        0x0800594d   Thumb Code   218  inv_mpu.o(i.mpu_lp_accel_mode)
    mpu_read_fifo_stream                     0x08005a2d   Thumb Code   186  inv_mpu.o(i.mpu_read_fifo_stream)
    mpu_read_mem                             0x08005aed   Thumb Code   122  inv_mpu.o(i.mpu_read_mem)
    mpu_reset_fifo                           0x08005b6d   Thumb Code   450  inv_mpu.o(i.mpu_reset_fifo)
    mpu_run_self_test                        0x08005d35   Thumb Code   278  inv_mpu.o(i.mpu_run_self_test)
    mpu_set_accel_fsr                        0x08005e51   Thumb Code   126  inv_mpu.o(i.mpu_set_accel_fsr)
    mpu_set_bypass                           0x08005ed5   Thumb Code   328  inv_mpu.o(i.mpu_set_bypass)
    mpu_set_dmp_state                        0x08006021   Thumb Code   138  inv_mpu.o(i.mpu_set_dmp_state)
    mpu_set_gyro_fsr                         0x080060b1   Thumb Code   132  inv_mpu.o(i.mpu_set_gyro_fsr)
    mpu_set_int_latched                      0x08006139   Thumb Code   102  inv_mpu.o(i.mpu_set_int_latched)
    mpu_set_lpf                              0x080061a5   Thumb Code   126  inv_mpu.o(i.mpu_set_lpf)
    mpu_set_sample_rate                      0x08006229   Thumb Code   152  inv_mpu.o(i.mpu_set_sample_rate)
    mpu_set_sensors                          0x080062c5   Thumb Code   202  inv_mpu.o(i.mpu_set_sensors)
    mpu_write_mem                            0x08006395   Thumb Code   122  inv_mpu.o(i.mpu_write_mem)
    onExternData                             0x08006415   Thumb Code     2  wificontrol.o(i.onExternData)
    putArmHigh                               0x08006417   Thumb Code    52  mechanical_arm.o(i.putArmHigh)
    putArmLow                                0x0800644b   Thumb Code   134  mechanical_arm.o(i.putArmLow)
    run_self_test                            0x080064d1   Thumb Code   106  inv_mpu.o(i.run_self_test)
    saveChangesAndExit                       0x0800653d   Thumb Code    86  controller.o(i.saveChangesAndExit)
    sendCmd2MCU                              0x08006599   Thumb Code   170  controller.o(i.sendCmd2MCU)
    sendCmd2PS2                              0x08006651   Thumb Code   136  controller.o(i.sendCmd2PS2)
    setBackwards                             0x080066e1   Thumb Code    44  movement.o(i.setBackwards)
    setForwards                              0x08006711   Thumb Code    44  movement.o(i.setForwards)
    setSpeed                                 0x08006741   Thumb Code   160  movement.o(i.setSpeed)
    setTurnLeft                              0x080067e1   Thumb Code    44  movement.o(i.setTurnLeft)
    setTurnRight                             0x08006811   Thumb Code    44  movement.o(i.setTurnRight)
    shortPoll                                0x080068d1   Thumb Code    62  controller.o(i.shortPoll)
    stopTheCar                               0x08006915   Thumb Code    78  movement.o(i.stopTheCar)
    turnOnModeChange                         0x08006969   Thumb Code    80  controller.o(i.turnOnModeChange)
    turnOnVibrationMode                      0x080069bd   Thumb Code    62  controller.o(i.turnOnVibrationMode)
    reg                                      0x08006a00   Data          27  inv_mpu.o(.constdata)
    hw                                       0x08006a1c   Data          12  inv_mpu.o(.constdata)
    test                                     0x08006a28   Data          40  inv_mpu.o(.constdata)
    __mathlib_zero                           0x080076e0   Data           8  qnan.o(.constdata)
    Region$$Table$$Base                      0x08007738   Number         0  anon$$obj.o(Region$$Table)
    Region$$Table$$Limit                     0x08007758   Number         0  anon$$obj.o(Region$$Table)
    cnt                                      0x20000000   Data           4  controller.o(.data)
    part3Dir                                 0x20000004   Data           1  controller.o(.data)
    buttonValue                              0x20000006   Data           2  controller.o(.data)
    PS2_Cmd                                  0x20000008   Data           2  controller.o(.data)
    PS2_Mask                                 0x2000000a   Data          16  controller.o(.data)
    u8_tim_sta                               0x20000020   Data           1  tim.o(.data)
    u32_tim_uprising                         0x20000024   Data           4  tim.o(.data)
    u32p_tim_count                           0x20000028   Data           4  tim.o(.data)
    pitch                                    0x20000064   Data           4  autocontrol.o(.data)
    roll                                     0x20000068   Data           4  autocontrol.o(.data)
    yaw                                      0x2000006c   Data           4  autocontrol.o(.data)
    dYaw                                     0x20000070   Data           4  autocontrol.o(.data)
    bStrat                                   0x20000074   Data           1  autocontrol.o(.data)
    bEnd                                     0x20000075   Data           1  autocontrol.o(.data)
    bSeek                                    0x20000076   Data           1  autocontrol.o(.data)
    bFind                                    0x20000077   Data           1  autocontrol.o(.data)
    nToward                                  0x20000078   Data           1  autocontrol.o(.data)
    nTurn                                    0x20000079   Data           1  autocontrol.o(.data)
    bTaskOn                                  0x2000007a   Data           1  autocontrol.o(.data)
    RcvBuf                                   0x2000007b   Data         256  usartconfig.o(.data)
    RcvStart                                 0x2000017b   Data           1  usartconfig.o(.data)
    RcvEnd                                   0x2000017c   Data           1  usartconfig.o(.data)
    RcvNext                                  0x2000017d   Data           1  usartconfig.o(.data)
    bATOk                                    0x2000017e   Data           1  wificontrol.o(.data)
    bConnected                               0x2000017f   Data           1  wificontrol.o(.data)
    bSending                                 0x20000180   Data           1  wificontrol.o(.data)
    dir                                      0x20000181   Data           1  main.o(.data)
    __stdout                                 0x20000198   Data           4  stdout.o(.data)
    PS2_Data                                 0x2000019c   Data           9  controller.o(.bss)
    AD_Value                                 0x200001b8   Data          24  adcconfig.o(.bss)
    __initial_sp                             0x200005d0   Data           0  startup_stm32f10x_hd.o(STACK)



==============================================================================

Memory Map of the image

  Image Entry point : 0x08000145

  Load Region LR_1 (Base: 0x08000000, Size: 0x000078f4, Max: 0xffffffff, ABSOLUTE, COMPRESSED[0x0000779c])

    Execution Region ER_RO (Base: 0x08000000, Size: 0x00007758, Max: 0xffffffff, ABSOLUTE)

    Base Addr    Size         Type   Attr      Idx    E Section Name        Object

    0x08000000   0x00000130   Data   RO         3800    RESET               startup_stm32f10x_hd.o
    0x08000130   0x00000000   Code   RO         3869  * .ARM.Collect$$$$00000000  mc_w.l(entry.o)
    0x08000130   0x00000004   Code   RO         4206    .ARM.Collect$$$$00000001  mc_w.l(entry2.o)
    0x08000134   0x00000004   Code   RO         4209    .ARM.Collect$$$$00000004  mc_w.l(entry5.o)
    0x08000138   0x00000000   Code   RO         4211    .ARM.Collect$$$$00000008  mc_w.l(entry7b.o)
    0x08000138   0x00000000   Code   RO         4213    .ARM.Collect$$$$0000000A  mc_w.l(entry8b.o)
    0x08000138   0x00000008   Code   RO         4214    .ARM.Collect$$$$0000000B  mc_w.l(entry9a.o)
    0x08000140   0x00000000   Code   RO         4216    .ARM.Collect$$$$0000000D  mc_w.l(entry10a.o)
    0x08000140   0x00000000   Code   RO         4218    .ARM.Collect$$$$0000000F  mc_w.l(entry11a.o)
    0x08000140   0x00000004   Code   RO         4207    .ARM.Collect$$$$00002712  mc_w.l(entry2.o)
    0x08000144   0x00000024   Code   RO         3801  * .text               startup_stm32f10x_hd.o
    0x08000168   0x00000062   Code   RO         3872    .text               mc_w.l(ldiv.o)
    0x080001ca   0x00000024   Code   RO         3874    .text               mc_w.l(memseta.o)
    0x080001ee   0x0000001a   Code   RO         3876    .text               mc_w.l(memcmp.o)
    0x08000208   0x000000b0   Code   RO         4139    .text               mf_w.l(fadd.o)
    0x080002b8   0x00000064   Code   RO         4141    .text               mf_w.l(fmul.o)
    0x0800031c   0x0000007c   Code   RO         4143    .text               mf_w.l(fdiv.o)
    0x08000398   0x0000014e   Code   RO         4145    .text               mf_w.l(dadd.o)
    0x080004e6   0x000000e4   Code   RO         4147    .text               mf_w.l(dmul.o)
    0x080005ca   0x000000de   Code   RO         4149    .text               mf_w.l(ddiv.o)
    0x080006a8   0x00000012   Code   RO         4151    .text               mf_w.l(fflti.o)
    0x080006ba   0x0000000a   Code   RO         4153    .text               mf_w.l(ffltui.o)
    0x080006c4   0x00000032   Code   RO         4157    .text               mf_w.l(ffixi.o)
    0x080006f6   0x00000028   Code   RO         4159    .text               mf_w.l(ffixui.o)
    0x0800071e   0x00000026   Code   RO         4161    .text               mf_w.l(f2d.o)
    0x08000744   0x00000038   Code   RO         4163    .text               mf_w.l(d2f.o)
    0x0800077c   0x00000014   Code   RO         4165    .text               mf_w.l(cfcmple.o)
    0x08000790   0x00000014   Code   RO         4167    .text               mf_w.l(cfrcmple.o)
    0x080007a4   0x00000062   Code   RO         4223    .text               mc_w.l(uldiv.o)
    0x08000806   0x0000001e   Code   RO         4225    .text               mc_w.l(llshl.o)
    0x08000824   0x00000024   Code   RO         4227    .text               mc_w.l(llsshr.o)
    0x08000848   0x00000000   Code   RO         4236    .text               mc_w.l(iusefp.o)
    0x08000848   0x0000006e   Code   RO         4237    .text               mf_w.l(fepilogue.o)
    0x080008b6   0x000000ba   Code   RO         4239    .text               mf_w.l(depilogue.o)
    0x08000970   0x0000002e   Code   RO         4241    .text               mf_w.l(dscalb.o)
    0x0800099e   0x00000002   PAD
    0x080009a0   0x00000024   Code   RO         4247    .text               mc_w.l(init.o)
    0x080009c4   0x00000020   Code   RO         4249    .text               mc_w.l(llushr.o)
    0x080009e4   0x00000056   Code   RO         4263    .text               mc_w.l(__dczerorl2.o)
    0x08000a3a   0x00000016   Code   RO         1931    i.ADC_Cmd           stm32f10x_adc.o
    0x08000a50   0x00000194   Code   RO         1486    i.ADC_Config        adcconfig.o
    0x08000be4   0x00000016   Code   RO         1932    i.ADC_DMACmd        stm32f10x_adc.o
    0x08000bfa   0x00000014   Code   RO         1939    i.ADC_GetCalibrationStatus  stm32f10x_adc.o
    0x08000c0e   0x00000014   Code   RO         1945    i.ADC_GetResetCalibrationStatus  stm32f10x_adc.o
    0x08000c22   0x00000002   PAD
    0x08000c24   0x00000050   Code   RO         1949    i.ADC_Init          stm32f10x_adc.o
    0x08000c74   0x000000c0   Code   RO         1487    i.ADC_PrintValue    adcconfig.o
    0x08000d34   0x000000b8   Code   RO         1953    i.ADC_RegularChannelConfig  stm32f10x_adc.o
    0x08000dec   0x0000000a   Code   RO         1954    i.ADC_ResetCalibration  stm32f10x_adc.o
    0x08000df6   0x0000000a   Code   RO         1958    i.ADC_StartCalibration  stm32f10x_adc.o
    0x08000e00   0x0000002c   Code   RO          312    i.Arm_Config        mechanical_arm.o
    0x08000e2c   0x0000005c   Code   RO         1522    i.AutoControl       autocontrol.o
    0x08000e88   0x00000028   Code   RO         1523    i.AutoControlConfig  autocontrol.o
    0x08000eb0   0x00000004   Code   RO          554    i.BusFault_Handler  stm32f10x_it.o
    0x08000eb4   0x00000064   Code   RO            4    i.Controller_Config  controller.o
    0x08000f18   0x00000018   Code   RO         2161    i.DMA_Cmd           stm32f10x_dma.o
    0x08000f30   0x0000014c   Code   RO         2162    i.DMA_DeInit        stm32f10x_dma.o
    0x0800107c   0x0000003c   Code   RO         2167    i.DMA_Init          stm32f10x_dma.o
    0x080010b8   0x00000002   Code   RO          555    i.DebugMon_Handler  stm32f10x_it.o
    0x080010ba   0x00000002   PAD
    0x080010bc   0x00000178   Code   RO         1524    i.Finding           autocontrol.o
    0x08001234   0x00000116   Code   RO         2501    i.GPIO_Init         stm32f10x_gpio.o
    0x0800134a   0x00000002   PAD
    0x0800134c   0x00000090   Code   RO         2503    i.GPIO_PinRemapConfig  stm32f10x_gpio.o
    0x080013dc   0x00000012   Code   RO         2505    i.GPIO_ReadInputDataBit  stm32f10x_gpio.o
    0x080013ee   0x00000008   Code   RO         2506    i.GPIO_ReadOutputData  stm32f10x_gpio.o
    0x080013f6   0x00000004   Code   RO         2508    i.GPIO_ResetBits    stm32f10x_gpio.o
    0x080013fa   0x00000004   Code   RO         2509    i.GPIO_SetBits      stm32f10x_gpio.o
    0x080013fe   0x00000004   Code   RO         2511    i.GPIO_Write        stm32f10x_gpio.o
    0x08001402   0x00000004   Code   RO          556    i.HardFault_Handler  stm32f10x_it.o
    0x08001406   0x0000002a   Code   RO         2624    i.I2C_CheckEvent    stm32f10x_i2c.o
    0x08001430   0x00000018   Code   RO         2627    i.I2C_Cmd           stm32f10x_i2c.o
    0x08001448   0x00000018   Code   RO         2634    i.I2C_GenerateSTART  stm32f10x_i2c.o
    0x08001460   0x00000018   Code   RO         2635    i.I2C_GenerateSTOP  stm32f10x_i2c.o
    0x08001478   0x0000003a   Code   RO         2636    i.I2C_GetFlagStatus  stm32f10x_i2c.o
    0x080014b2   0x00000002   PAD
    0x080014b4   0x000000ec   Code   RO         2641    i.I2C_Init          stm32f10x_i2c.o
    0x080015a0   0x00000008   Code   RO         2646    i.I2C_ReceiveData   stm32f10x_i2c.o
    0x080015a8   0x00000012   Code   RO         2648    i.I2C_Send7bitAddress  stm32f10x_i2c.o
    0x080015ba   0x00000004   Code   RO         2649    i.I2C_SendData      stm32f10x_i2c.o
    0x080015be   0x00000002   PAD
    0x080015c0   0x0000008c   Code   RO         1525    i.LightCheck        autocontrol.o
    0x0800164c   0x0000004c   Code   RO         1371    i.MPU_IIC_Ack       mpuiic.o
    0x08001698   0x0000000a   Code   RO         1372    i.MPU_IIC_Delay     mpuiic.o
    0x080016a2   0x00000002   PAD
    0x080016a4   0x0000002c   Code   RO         1373    i.MPU_IIC_Init      mpuiic.o
    0x080016d0   0x0000004c   Code   RO         1374    i.MPU_IIC_NAck      mpuiic.o
    0x0800171c   0x0000006c   Code   RO         1375    i.MPU_IIC_Read_Byte  mpuiic.o
    0x08001788   0x0000005c   Code   RO         1376    i.MPU_IIC_Send_Byte  mpuiic.o
    0x080017e4   0x00000048   Code   RO         1377    i.MPU_IIC_Start     mpuiic.o
    0x0800182c   0x00000048   Code   RO         1378    i.MPU_IIC_Stop      mpuiic.o
    0x08001874   0x00000064   Code   RO         1379    i.MPU_IIC_Wait_Ack  mpuiic.o
    0x080018d8   0x000000c0   Code   RO         1284    i.MPU_Init          mpu6050.o
    0x08001998   0x0000003a   Code   RO         1285    i.MPU_Read_Byte     mpu6050.o
    0x080019d2   0x00000074   Code   RO         1286    i.MPU_Read_Len      mpu6050.o
    0x08001a46   0x00000010   Code   RO         1287    i.MPU_Set_Accel_Fsr  mpu6050.o
    0x08001a56   0x00000010   Code   RO         1288    i.MPU_Set_Gyro_Fsr  mpu6050.o
    0x08001a66   0x0000003a   Code   RO         1289    i.MPU_Set_LPF       mpu6050.o
    0x08001aa0   0x0000003a   Code   RO         1290    i.MPU_Set_Rate      mpu6050.o
    0x08001ada   0x00000044   Code   RO         1291    i.MPU_Write_Byte    mpu6050.o
    0x08001b1e   0x00000060   Code   RO         1292    i.MPU_Write_Len     mpu6050.o
    0x08001b7e   0x00000004   Code   RO          557    i.MemManage_Handler  stm32f10x_it.o
    0x08001b82   0x00000002   Code   RO          558    i.NMI_Handler       stm32f10x_it.o
    0x08001b84   0x0000002e   Code   RO         1638    i.NVIC_Config       sysconfig.o
    0x08001bb2   0x00000002   PAD
    0x08001bb4   0x00000070   Code   RO         1877    i.NVIC_Init         misc.o
    0x08001c24   0x00000014   Code   RO         1878    i.NVIC_PriorityGroupConfig  misc.o
    0x08001c38   0x00000014   Code   RO         1879    i.NVIC_SetVectorTable  misc.o
    0x08001c4c   0x00000044   Code   RO          452    i.PCA9685_I2C_BeginTransmission  pca9685.o
    0x08001c90   0x00000010   Code   RO          453    i.PCA9685_I2C_EndTransmission  pca9685.o
    0x08001ca0   0x00000034   Code   RO          454    i.PCA9685_I2C_GPIO_Config  pca9685.o
    0x08001cd4   0x00000006   Code   RO          455    i.PCA9685_I2C_HasSlaveAtAddress  pca9685.o
    0x08001cda   0x0000000c   Code   RO          456    i.PCA9685_I2C_Init  pca9685.o
    0x08001ce6   0x00000002   PAD
    0x08001ce8   0x0000003c   Code   RO          457    i.PCA9685_I2C_Mode_Config  pca9685.o
    0x08001d24   0x00000080   Code   RO          458    i.PCA9685_I2C_RequestFrom  pca9685.o
    0x08001da4   0x00000024   Code   RO          459    i.PCA9685_I2C_Write  pca9685.o
    0x08001dc8   0x00000088   Code   RO          460    i.PCA9685_Init      pca9685.o
    0x08001e50   0x00000052   Code   RO          463    i.PCA9685_SetOutput  pca9685.o
    0x08001ea2   0x00000046   Code   RO          465    i.PCA9685_WakeUp    pca9685.o
    0x08001ee8   0x00000002   Code   RO          559    i.PendSV_Handler    stm32f10x_it.o
    0x08001eea   0x00000032   Code   RO         1526    i.PreDeal           autocontrol.o
    0x08001f1c   0x00000018   Code   RO         2837    i.RCC_ADCCLKConfig  stm32f10x_rcc.o
    0x08001f34   0x00000020   Code   RO         2838    i.RCC_AHBPeriphClockCmd  stm32f10x_rcc.o
    0x08001f54   0x00000020   Code   RO         2839    i.RCC_APB1PeriphClockCmd  stm32f10x_rcc.o
    0x08001f74   0x00000020   Code   RO         2841    i.RCC_APB2PeriphClockCmd  stm32f10x_rcc.o
    0x08001f94   0x000000d4   Code   RO         2849    i.RCC_GetClocksFreq  stm32f10x_rcc.o
    0x08002068   0x00000034   Code   RO         1671    i.RcvBufClear       usartconfig.o
    0x0800209c   0x00000002   Code   RO          560    i.SVC_Handler       stm32f10x_it.o
    0x0800209e   0x00000002   PAD
    0x080020a0   0x000001dc   Code   RO         1527    i.Seeking           autocontrol.o
    0x0800227c   0x00000008   Code   RO         3808    i.SetSysClock       system_stm32f10x.o
    0x08002284   0x000000e0   Code   RO         3809    i.SetSysClockTo72   system_stm32f10x.o
    0x08002364   0x00000002   Code   RO          561    i.SysTick_Handler   stm32f10x_it.o
    0x08002366   0x00000002   PAD
    0x08002368   0x00000060   Code   RO         3811    i.SystemInit        system_stm32f10x.o
    0x080023c8   0x00000080   Code   RO         3049    i.TI1_Config        stm32f10x_tim.o
    0x08002448   0x00000098   Code   RO         3050    i.TI2_Config        stm32f10x_tim.o
    0x080024e0   0x00000090   Code   RO         3051    i.TI3_Config        stm32f10x_tim.o
    0x08002570   0x00000098   Code   RO         3052    i.TI4_Config        stm32f10x_tim.o
    0x08002608   0x00000198   Code   RO          629    i.TIM3_IRQHandler   tim.o
    0x080027a0   0x00000108   Code   RO          630    i.TIM3_Init         tim.o
    0x080028a8   0x00000018   Code   RO         3053    i.TIM_ARRPreloadConfig  stm32f10x_tim.o
    0x080028c0   0x00000006   Code   RO         3060    i.TIM_ClearITPendingBit  stm32f10x_tim.o
    0x080028c6   0x00000018   Code   RO         3065    i.TIM_Cmd           stm32f10x_tim.o
    0x080028de   0x00000006   Code   RO         3081    i.TIM_GetCapture2   stm32f10x_tim.o
    0x080028e4   0x00000006   Code   RO         3082    i.TIM_GetCapture3   stm32f10x_tim.o
    0x080028ea   0x00000008   Code   RO         3083    i.TIM_GetCapture4   stm32f10x_tim.o
    0x080028f2   0x00000022   Code   RO         3086    i.TIM_GetITStatus   stm32f10x_tim.o
    0x08002914   0x000000ac   Code   RO         3088    i.TIM_ICInit        stm32f10x_tim.o
    0x080029c0   0x00000012   Code   RO         3090    i.TIM_ITConfig      stm32f10x_tim.o
    0x080029d2   0x0000001a   Code   RO         3101    i.TIM_OC2PolarityConfig  stm32f10x_tim.o
    0x080029ec   0x0000001a   Code   RO         3106    i.TIM_OC3PolarityConfig  stm32f10x_tim.o
    0x08002a06   0x0000001a   Code   RO         3110    i.TIM_OC4PolarityConfig  stm32f10x_tim.o
    0x08002a20   0x00000006   Code   RO         3114    i.TIM_PrescalerConfig  stm32f10x_tim.o
    0x08002a26   0x00000012   Code   RO         3131    i.TIM_SetIC1Prescaler  stm32f10x_tim.o
    0x08002a38   0x0000001a   Code   RO         3132    i.TIM_SetIC2Prescaler  stm32f10x_tim.o
    0x08002a52   0x00000012   Code   RO         3133    i.TIM_SetIC3Prescaler  stm32f10x_tim.o
    0x08002a64   0x0000001a   Code   RO         3134    i.TIM_SetIC4Prescaler  stm32f10x_tim.o
    0x08002a7e   0x00000002   PAD
    0x08002a80   0x000000a4   Code   RO         3136    i.TIM_TimeBaseInit  stm32f10x_tim.o
    0x08002b24   0x0000001c   Code   RO         1528    i.TaskClose         autocontrol.o
    0x08002b40   0x00000028   Code   RO         1529    i.TaskStart         autocontrol.o
    0x08002b68   0x00000030   Code   RO         1530    i.Tasking           autocontrol.o
    0x08002b98   0x0000005c   Code   RO          372    i.Tire_Config       movement.o
    0x08002bf4   0x0000004c   Code   RO         1531    i.TrackCheck        autocontrol.o
    0x08002c40   0x000001bc   Code   RO         1532    i.Tracking          autocontrol.o
    0x08002dfc   0x000000b0   Code   RO         1672    i.USART1_Config     usartconfig.o
    0x08002eac   0x0000010c   Code   RO         1673    i.USART1_IRQHandler  usartconfig.o
    0x08002fb8   0x00000012   Code   RO         3609    i.USART_ClearFlag   stm32f10x_usart.o
    0x08002fca   0x00000018   Code   RO         3613    i.USART_Cmd         stm32f10x_usart.o
    0x08002fe2   0x0000001a   Code   RO         3616    i.USART_GetFlagStatus  stm32f10x_usart.o
    0x08002ffc   0x00000054   Code   RO         3617    i.USART_GetITStatus  stm32f10x_usart.o
    0x08003050   0x0000004a   Code   RO         3619    i.USART_ITConfig    stm32f10x_usart.o
    0x0800309a   0x00000002   PAD
    0x0800309c   0x000000d8   Code   RO         3620    i.USART_Init        stm32f10x_usart.o
    0x08003174   0x0000000a   Code   RO         3627    i.USART_ReceiveData  stm32f10x_usart.o
    0x0800317e   0x00000008   Code   RO         3630    i.USART_SendData    stm32f10x_usart.o
    0x08003186   0x00000002   PAD
    0x08003188   0x000000a0   Code   RO          670    i.Ultrasonic_Init   ultrasonic.o
    0x08003228   0x00000004   Code   RO          562    i.UsageFault_Handler  stm32f10x_it.o
    0x0800322c   0x000000a4   Code   RO         1749    i.WIFI_Check        wificontrol.o
    0x080032d0   0x000000f8   Code   RO         1752    i.WIFI_ConnectToServer  wificontrol.o
    0x080033c8   0x00000020   Code   RO         4085    i.__0printf$8       mc_w.l(printf8.o)
    0x080033e8   0x00000028   Code   RO         4193    i.__ARM_fpclassify  m_ws.l(fpclassify.o)
    0x08003410   0x000000aa   Code   RO         4195    i.__kernel_poly     m_ws.l(poly.o)
    0x080034ba   0x00000006   Code   RO         4180    i.__mathlib_dbl_infnan  m_ws.l(dunder.o)
    0x080034c0   0x00000004   Code   RO         4181    i.__mathlib_dbl_infnan2  m_ws.l(dunder.o)
    0x080034c4   0x00000010   Code   RO         4185    i.__mathlib_dbl_underflow  m_ws.l(dunder.o)
    0x080034d4   0x0000000e   Code   RO         4257    i.__scatterload_copy  mc_w.l(handlers.o)
    0x080034e2   0x00000002   Code   RO         4258    i.__scatterload_null  mc_w.l(handlers.o)
    0x080034e4   0x0000000e   Code   RO         4259    i.__scatterload_zeroinit  mc_w.l(handlers.o)
    0x080034f2   0x00000002   PAD
    0x080034f4   0x00000410   Code   RO         4092    i._printf_core      mc_w.l(printf8.o)
    0x08003904   0x00000024   Code   RO         4093    i._printf_post_padding  mc_w.l(printf8.o)
    0x08003928   0x0000002e   Code   RO         4094    i._printf_pre_padding  mc_w.l(printf8.o)
    0x08003956   0x00000002   PAD
    0x08003958   0x000000a8   Code   RO          712    i.accel_self_test   inv_mpu.o
    0x08003a00   0x00000030   Code   RO          313    i.armControl        mechanical_arm.o
    0x08003a30   0x00000220   Code   RO         4170    i.atan              m_ws.l(atan.o)
    0x08003c50   0x00000180   Code   RO         3862    i.atan2             m_ws.l(atan2.o)
    0x08003dd0   0x0000006c   Code   RO          373    i.carGo             movement.o
    0x08003e3c   0x00000018   Code   RO            6    i.clrPS2Buff        controller.o
    0x08003e54   0x0000002c   Code   RO            7    i.controlModeConfirm_Config  controller.o
    0x08003e80   0x00000064   Code   RO         1083    i.decode_gesture    inv_mpu_dmp_motion_driver.o
    0x08003ee4   0x00000040   Code   RO          187    i.delay_init        delay.o
    0x08003f24   0x0000003c   Code   RO          188    i.delay_ms          delay.o
    0x08003f60   0x0000003c   Code   RO          189    i.delay_us          delay.o
    0x08003f9c   0x0000003c   Code   RO         1084    i.dmp_enable_6x_lp_quat  inv_mpu_dmp_motion_driver.o
    0x08003fd8   0x0000021c   Code   RO         1085    i.dmp_enable_feature  inv_mpu_dmp_motion_driver.o
    0x080041f4   0x00000058   Code   RO         1086    i.dmp_enable_gyro_cal  inv_mpu_dmp_motion_driver.o
    0x0800424c   0x0000003c   Code   RO         1087    i.dmp_enable_lp_quat  inv_mpu_dmp_motion_driver.o
    0x08004288   0x00000018   Code   RO         1092    i.dmp_load_motion_driver_firmware  inv_mpu_dmp_motion_driver.o
    0x080042a0   0x000001cc   Code   RO         1093    i.dmp_read_fifo     inv_mpu_dmp_motion_driver.o
    0x0800446c   0x00000070   Code   RO         1097    i.dmp_set_fifo_rate  inv_mpu_dmp_motion_driver.o
    0x080044dc   0x00000130   Code   RO         1098    i.dmp_set_gyro_bias  inv_mpu_dmp_motion_driver.o
    0x0800460c   0x00000138   Code   RO         1100    i.dmp_set_orientation  inv_mpu_dmp_motion_driver.o
    0x08004744   0x00000038   Code   RO         1103    i.dmp_set_shake_reject_thresh  inv_mpu_dmp_motion_driver.o
    0x0800477c   0x00000026   Code   RO         1104    i.dmp_set_shake_reject_time  inv_mpu_dmp_motion_driver.o
    0x080047a2   0x00000026   Code   RO         1105    i.dmp_set_shake_reject_timeout  inv_mpu_dmp_motion_driver.o
    0x080047c8   0x00000046   Code   RO         1106    i.dmp_set_tap_axes  inv_mpu_dmp_motion_driver.o
    0x0800480e   0x00000026   Code   RO         1107    i.dmp_set_tap_count  inv_mpu_dmp_motion_driver.o
    0x08004834   0x000001a0   Code   RO         1108    i.dmp_set_tap_thresh  inv_mpu_dmp_motion_driver.o
    0x080049d4   0x00000026   Code   RO         1109    i.dmp_set_tap_time  inv_mpu_dmp_motion_driver.o
    0x080049fa   0x00000026   Code   RO         1110    i.dmp_set_tap_time_multi  inv_mpu_dmp_motion_driver.o
    0x08004a20   0x0000005c   Code   RO            8    i.enterSettings     controller.o
    0x08004a7c   0x00000024   Code   RO         1677    i.fputc             usartconfig.o
    0x08004aa0   0x0000004c   Code   RO            9    i.getButtonData     controller.o
    0x08004aec   0x0000001c   Code   RO           10    i.getPart3Direction  controller.o
    0x08004b08   0x00000130   Code   RO          713    i.getYaw            inv_mpu.o
    0x08004c38   0x000000b4   Code   RO          714    i.get_accel_prod_shift  inv_mpu.o
    0x08004cec   0x00000470   Code   RO          715    i.get_st_biases     inv_mpu.o
    0x0800515c   0x00000110   Code   RO          716    i.gyro_self_test    inv_mpu.o
    0x0800526c   0x00000010   Code   RO          314    i.handGrab          mechanical_arm.o
    0x0800527c   0x00000012   Code   RO          315    i.handOpen          mechanical_arm.o
    0x0800528e   0x00000028   Code   RO          717    i.inv_orientation_matrix_to_scalar  inv_mpu.o
    0x080052b6   0x0000004e   Code   RO          718    i.inv_row_2_scale   inv_mpu.o
    0x08005304   0x00000054   Code   RO           12    i.isAutoControl     controller.o
    0x08005358   0x000000d8   Code   RO         1819    i.main              main.o
    0x08005430   0x00000002   Code   RO          719    i.mget_ms           inv_mpu.o
    0x08005432   0x00000002   PAD
    0x08005434   0x00000070   Code   RO          720    i.mpu_configure_fifo  inv_mpu.o
    0x080054a4   0x000000a0   Code   RO          722    i.mpu_dmp_init      inv_mpu.o
    0x08005544   0x0000004c   Code   RO          723    i.mpu_get_accel_fsr  inv_mpu.o
    0x08005590   0x00000010   Code   RO          730    i.mpu_get_fifo_config  inv_mpu.o
    0x080055a0   0x00000044   Code   RO          731    i.mpu_get_gyro_fsr  inv_mpu.o
    0x080055e4   0x00000050   Code   RO          733    i.mpu_get_gyro_sens  inv_mpu.o
    0x08005634   0x00000050   Code   RO          735    i.mpu_get_lpf       inv_mpu.o
    0x08005684   0x00000020   Code   RO          737    i.mpu_get_sample_rate  inv_mpu.o
    0x080056a4   0x000001f0   Code   RO          739    i.mpu_init          inv_mpu.o
    0x08005894   0x000000b8   Code   RO          740    i.mpu_load_firmware  inv_mpu.o
    0x0800594c   0x000000e0   Code   RO          741    i.mpu_lp_accel_mode  inv_mpu.o
    0x08005a2c   0x000000c0   Code   RO          744    i.mpu_read_fifo_stream  inv_mpu.o
    0x08005aec   0x00000080   Code   RO          745    i.mpu_read_mem      inv_mpu.o
    0x08005b6c   0x000001c8   Code   RO          748    i.mpu_reset_fifo    inv_mpu.o
    0x08005d34   0x0000011c   Code   RO          749    i.mpu_run_self_test  inv_mpu.o
    0x08005e50   0x00000084   Code   RO          751    i.mpu_set_accel_fsr  inv_mpu.o
    0x08005ed4   0x0000014c   Code   RO          752    i.mpu_set_bypass    inv_mpu.o
    0x08006020   0x00000090   Code   RO          754    i.mpu_set_dmp_state  inv_mpu.o
    0x080060b0   0x00000088   Code   RO          755    i.mpu_set_gyro_fsr  inv_mpu.o
    0x08006138   0x0000006c   Code   RO          756    i.mpu_set_int_latched  inv_mpu.o
    0x080061a4   0x00000084   Code   RO          758    i.mpu_set_lpf       inv_mpu.o
    0x08006228   0x0000009c   Code   RO          759    i.mpu_set_sample_rate  inv_mpu.o
    0x080062c4   0x000000d0   Code   RO          760    i.mpu_set_sensors   inv_mpu.o
    0x08006394   0x00000080   Code   RO          761    i.mpu_write_mem     inv_mpu.o
    0x08006414   0x00000002   Code   RO         1755    i.onExternData      wificontrol.o
    0x08006416   0x00000034   Code   RO          316    i.putArmHigh        mechanical_arm.o
    0x0800644a   0x00000086   Code   RO          317    i.putArmLow         mechanical_arm.o
    0x080064d0   0x0000006a   Code   RO          762    i.run_self_test     inv_mpu.o
    0x0800653a   0x00000002   PAD
    0x0800653c   0x0000005c   Code   RO           14    i.saveChangesAndExit  controller.o
    0x08006598   0x000000b8   Code   RO           15    i.sendCmd2MCU       controller.o
    0x08006650   0x00000090   Code   RO           16    i.sendCmd2PS2       controller.o
    0x080066e0   0x00000030   Code   RO          375    i.setBackwards      movement.o
    0x08006710   0x00000030   Code   RO          376    i.setForwards       movement.o
    0x08006740   0x000000a0   Code   RO          377    i.setSpeed          movement.o
    0x080067e0   0x00000030   Code   RO          378    i.setTurnLeft       movement.o
    0x08006810   0x00000030   Code   RO          379    i.setTurnRight      movement.o
    0x08006840   0x00000090   Code   RO          763    i.set_int_enable    inv_mpu.o
    0x080068d0   0x00000044   Code   RO           17    i.shortPoll         controller.o
    0x08006914   0x00000054   Code   RO          380    i.stopTheCar        movement.o
    0x08006968   0x00000054   Code   RO           18    i.turnOnModeChange  controller.o
    0x080069bc   0x00000044   Code   RO           19    i.turnOnVibrationMode  controller.o
    0x08006a00   0x00000050   Data   RO          765    .constdata          inv_mpu.o
    0x08006a50   0x00000bf6   Data   RO         1112    .constdata          inv_mpu_dmp_motion_driver.o
    0x08007646   0x00000002   PAD
    0x08007648   0x00000098   Data   RO         4171    .constdata          m_ws.l(atan.o)
    0x080076e0   0x00000008   Data   RO         4197    .constdata          m_ws.l(qnan.o)
    0x080076e8   0x0000004d   Data   RO          766    .conststring        inv_mpu.o
    0x08007735   0x00000003   PAD
    0x08007738   0x00000020   Data   RO         4255    Region$$Table       anon$$obj.o


    Execution Region ER_RW (Base: 0x20000000, Size: 0x0000019c, Max: 0xffffffff, ABSOLUTE, COMPRESSED[0x00000044])

    Base Addr    Size         Type   Attr      Idx    E Section Name        Object

    0x20000000   0x0000001a   Data   RW           21    .data               controller.o
    0x2000001a   0x00000004   Data   RW          190    .data               delay.o
    0x2000001e   0x00000002   PAD
    0x20000020   0x0000000c   Data   RW          631    .data               tim.o
    0x2000002c   0x00000035   Data   RW          767    .data               inv_mpu.o
    0x20000061   0x00000003   PAD
    0x20000064   0x00000017   Data   RW         1535    .data               autocontrol.o
    0x2000007b   0x00000103   Data   RW         1679    .data               usartconfig.o
    0x2000017e   0x00000003   Data   RW         1756    .data               wificontrol.o
    0x20000181   0x00000001   Data   RW         1820    .data               main.o
    0x20000182   0x00000014   Data   RW         2869    .data               stm32f10x_rcc.o
    0x20000196   0x00000002   PAD
    0x20000198   0x00000004   Data   RW         4220    .data               mc_w.l(stdout.o)


    Execution Region ER_ZI (Base: 0x2000019c, Size: 0x00000434, Max: 0xffffffff, ABSOLUTE)

    Base Addr    Size         Type   Attr      Idx    E Section Name        Object

    0x2000019c   0x00000009   Zero   RW           20    .bss                controller.o
    0x200001a5   0x00000003   PAD
    0x200001a8   0x00000010   Zero   RW         1111    .bss                inv_mpu_dmp_motion_driver.o
    0x200001b8   0x00000018   Zero   RW         1488    .bss                adcconfig.o
    0x200001d0   0x00000400   Zero   RW         3798    STACK               startup_stm32f10x_hd.o


==============================================================================

Image component sizes


      Code (inc. data)   RO Data    RW Data    ZI Data      Debug   Object Name

       596        148          0          0         24       1837   adcconfig.o
      1810        402          0         23          0       7135   autocontrol.o
      1088         96          0         26          9     288748   controller.o
       184         16          0          4          0       1643   delay.o
      6494        286        157         53          0      28633   inv_mpu.o
      2792        118       3062          0         16      18929   inv_mpu_dmp_motion_driver.o
       216         38          0          1          0        805   main.o
       312          0          0          0          0       5241   mechanical_arm.o
       152         30          0          0          0       2441   misc.o
       636         38          0          0          0       3932   movement.o
       678         12          0          0          0       5811   mpu6050.o
       650         98          0          0          0       4574   mpuiic.o
       666         48          0          0          0       6431   pca9685.o
        36          8        304          0       1024        824   startup_stm32f10x_hd.o
       368         10          0          0          0       7522   stm32f10x_adc.o
       416          8          0          0          0       3782   stm32f10x_dma.o
       460          6          0          0          0       6185   stm32f10x_gpio.o
       438         14          0          0          0       7900   stm32f10x_i2c.o
        26          0          0          0          0       3870   stm32f10x_it.o
       332         44          0         20          0       6061   stm32f10x_rcc.o
      1210        150          0          0          0      15654   stm32f10x_tim.o
       460          6          0          0          0       7399   stm32f10x_usart.o
        46          0          0          0          0        490   sysconfig.o
       328         28          0          0          0       2049   system_stm32f10x.o
       672         36          0         12          0       1931   tim.o
       160         12          0          0          0        558   ultrasonic.o
       532         54          0        259          0       4939   usartconfig.o
       414         98          0          3          0       2227   wificontrol.o

    ----------------------------------------------------------------------
     22202       1804       3560        408       1076     447551   Object Totals
         0          0         32          0          0          0   (incl. Generated)
        30          0          5          7          3          0   (incl. Padding)

    ----------------------------------------------------------------------

      Code (inc. data)   RO Data    RW Data    ZI Data      Debug   Library Member Name

       544         70        152          0          0        124   atan.o
       384         38          0          0          0        144   atan2.o
        26          6          0          0          0        204   dunder.o
        40          0          0          0          0         68   fpclassify.o
       170          0          0          0          0         96   poly.o
         0          0          8          0          0          0   qnan.o
        86          0          0          0          0          0   __dczerorl2.o
         0          0          0          0          0          0   entry.o
         0          0          0          0          0          0   entry10a.o
         0          0          0          0          0          0   entry11a.o
         8          4          0          0          0          0   entry2.o
         4          0          0          0          0          0   entry5.o
         0          0          0          0          0          0   entry7b.o
         0          0          0          0          0          0   entry8b.o
         8          4          0          0          0          0   entry9a.o
        30          0          0          0          0          0   handlers.o
        36          8          0          0          0         68   init.o
         0          0          0          0          0          0   iusefp.o
        98          0          0          0          0         84   ldiv.o
        30          0          0          0          0         68   llshl.o
        36          0          0          0          0         68   llsshr.o
        32          0          0          0          0         68   llushr.o
        26          0          0          0          0         80   memcmp.o
        36          0          0          0          0        108   memseta.o
      1154         54          0          0          0        352   printf8.o
         0          0          0          4          0          0   stdout.o
        98          0          0          0          0         92   uldiv.o
        20          0          0          0          0         68   cfcmple.o
        20          0          0          0          0         68   cfrcmple.o
        56          0          0          0          0         88   d2f.o
       334          0          0          0          0        148   dadd.o
       222          0          0          0          0        100   ddiv.o
       186          0          0          0          0        176   depilogue.o
       228          0          0          0          0         96   dmul.o
        46          0          0          0          0         80   dscalb.o
        38          0          0          0          0         68   f2d.o
       176          0          0          0          0        140   fadd.o
       124          0          0          0          0         88   fdiv.o
       110          0          0          0          0        168   fepilogue.o
        50          0          0          0          0         68   ffixi.o
        40          0          0          0          0         68   ffixui.o
        18          0          0          0          0         68   fflti.o
        10          0          0          0          0         68   ffltui.o
       100          0          0          0          0         76   fmul.o

    ----------------------------------------------------------------------
      4630        184        160          4          0       3260   Library Totals
         6          0          0          0          0          0   (incl. Padding)

    ----------------------------------------------------------------------

      Code (inc. data)   RO Data    RW Data    ZI Data      Debug   Library Name

      1164        114        160          0          0        636   m_ws.l
      1682         70          0          4          0        988   mc_w.l
      1778          0          0          0          0       1636   mf_w.l

    ----------------------------------------------------------------------
      4630        184        160          4          0       3260   Library Totals

    ----------------------------------------------------------------------

==============================================================================


      Code (inc. data)   RO Data    RW Data    ZI Data      Debug   

     26832       1988       3720        412       1076     438459   Grand Totals
     26832       1988       3720         68       1076     438459   ELF Image Totals (compressed)
     26832       1988       3720         68          0          0   ROM Totals

==============================================================================

    Total RO  Size (Code + RO Data)                30552 (  29.84kB)
    Total RW  Size (RW Data + ZI Data)              1488 (   1.45kB)
    Total ROM Size (Code + RO Data + RW Data)      30620 (  29.90kB)

==============================================================================

